[0.023s] Invoking command in '/home/makis-wsl/githubs/simple_scream_ros_integration/scream/gstscream/ros2_ws/build/ros2_scream': /usr/bin/cmake --build /home/makis-wsl/githubs/simple_scream_ros_integration/scream/gstscream/ros2_ws/build/ros2_scream -- -j8 -l8
[0.108s] -- Found ament_cmake: 1.3.10 (/opt/ros/humble/share/ament_cmake/cmake)
[0.275s] Traceback (most recent call last):
[0.275s]   File "/opt/ros/humble/share/ament_cmake_core/cmake/package_templates/templates_2_cmake.py", line 21, in <module>
[0.275s]     from ament_package.templates import get_environment_hook_template_path
[0.275s] ModuleNotFoundError: No module named 'ament_package'
[0.288s] [31mCMake Error at /opt/ros/humble/share/ament_cmake_core/cmake/ament_cmake_package_templates-extras.cmake:41 (message):
[0.288s]   execute_process(/usr/bin/python3
[0.288s]   /opt/ros/humble/share/ament_cmake_core/cmake/package_templates/templates_2_cmake.py
[0.289s]   /home/makis-wsl/githubs/simple_scream_ros_integration/scream/gstscream/ros2_ws/build/ros2_scream/ament_cmake_package_templates/templates.cmake)
[0.289s]   returned error code 1
[0.289s] Call Stack (most recent call first):
[0.289s]   /opt/ros/humble/share/ament_cmake_core/cmake/ament_cmake_coreConfig.cmake:41 (include)
[0.289s]   /opt/ros/humble/share/ament_cmake/cmake/ament_cmake_export_dependencies-extras.cmake:15 (find_package)
[0.289s]   /opt/ros/humble/share/ament_cmake/cmake/ament_cmakeConfig.cmake:41 (include)
[0.289s]   CMakeLists.txt:9 (find_package)
[0.289s] 
[0.289s] [0m
[0.289s] -- Configuring incomplete, errors occurred!
[0.289s] See also "/home/makis-wsl/githubs/simple_scream_ros_integration/scream/gstscream/ros2_ws/build/ros2_scream/CMakeFiles/CMakeOutput.log".
[0.300s] gmake: *** [Makefile:226: cmake_check_build_system] Error 1
[0.303s] Invoked command in '/home/makis-wsl/githubs/simple_scream_ros_integration/scream/gstscream/ros2_ws/build/ros2_scream' returned '2': /usr/bin/cmake --build /home/makis-wsl/githubs/simple_scream_ros_integration/scream/gstscream/ros2_ws/build/ros2_scream -- -j8 -l8
