[0.321s] DEBUG:colcon:Command line arguments: ['/usr/bin/colcon', 'build']
[0.321s] DEBUG:colcon:Parsed command line arguments: Namespace(log_base=None, log_level=None, verb_name='build', build_base='build', install_base='install', merge_install=False, symlink_install=False, test_result_base=None, continue_on_error=False, executor='parallel', parallel_workers=8, event_handlers=None, ignore_user_meta=False, metas=['./colcon.meta'], base_paths=['.'], packages_ignore=None, packages_ignore_regex=None, paths=None, packages_up_to=None, packages_up_to_regex=None, packages_above=None, packages_above_and_dependencies=None, packages_above_depth=None, packages_select_by_dep=None, packages_skip_by_dep=None, packages_skip_up_to=None, packages_select_build_failed=False, packages_skip_build_finished=False, packages_select_test_failures=False, packages_skip_test_passed=False, packages_select=None, packages_skip=None, packages_select_regex=None, packages_skip_regex=None, packages_start=None, packages_end=None, allow_overriding=[], cmake_args=None, cmake_target=None, cmake_target_skip_unavailable=False, cmake_clean_cache=False, cmake_clean_first=False, cmake_force_configure=False, ament_cmake_args=None, catkin_cmake_args=None, catkin_skip_building_tests=False, mixin_files=None, mixin=None, verb_parser=<colcon_mixin.mixin.mixin_argument.MixinArgumentDecorator object at 0x7ffb4d1a28f0>, verb_extension=<colcon_core.verb.build.BuildVerb object at 0x7ffb4d317640>, main=<bound method BuildVerb.main of <colcon_core.verb.build.BuildVerb object at 0x7ffb4d317640>>, mixin_verb=('build',))
[0.420s] Level 1:colcon.colcon_core.package_discovery:discover_packages(colcon_meta) check parameters
[0.420s] Level 1:colcon.colcon_core.package_discovery:discover_packages(recursive) check parameters
[0.421s] Level 1:colcon.colcon_core.package_discovery:discover_packages(ignore) check parameters
[0.421s] Level 1:colcon.colcon_core.package_discovery:discover_packages(path) check parameters
[0.421s] Level 1:colcon.colcon_core.package_discovery:discover_packages(colcon_meta) discover
[0.421s] Level 1:colcon.colcon_core.package_discovery:discover_packages(recursive) discover
[0.421s] INFO:colcon.colcon_core.package_discovery:Crawling recursively for packages in '/home/makis-wsl/githubs/simple_scream_ros_integration/scream/gstscream/ros2_ws'
[0.421s] Level 1:colcon.colcon_core.package_identification:_identify(.) by extensions ['ignore', 'ignore_ament_install']
[0.421s] Level 1:colcon.colcon_core.package_identification:_identify(.) by extension 'ignore'
[0.421s] Level 1:colcon.colcon_core.package_identification:_identify(.) by extension 'ignore_ament_install'
[0.421s] Level 1:colcon.colcon_core.package_identification:_identify(.) by extensions ['colcon_pkg']
[0.421s] Level 1:colcon.colcon_core.package_identification:_identify(.) by extension 'colcon_pkg'
[0.421s] Level 1:colcon.colcon_core.package_identification:_identify(.) by extensions ['colcon_meta']
[0.421s] Level 1:colcon.colcon_core.package_identification:_identify(.) by extension 'colcon_meta'
[0.421s] Level 1:colcon.colcon_core.package_identification:_identify(.) by extensions ['ros']
[0.421s] Level 1:colcon.colcon_core.package_identification:_identify(.) by extension 'ros'
[0.438s] Level 1:colcon.colcon_core.package_identification:_identify(.) by extensions ['cmake', 'python']
[0.438s] Level 1:colcon.colcon_core.package_identification:_identify(.) by extension 'cmake'
[0.438s] Level 1:colcon.colcon_core.package_identification:_identify(.) by extension 'python'
[0.439s] Level 1:colcon.colcon_core.package_identification:_identify(.) by extensions ['python_setup_py']
[0.439s] Level 1:colcon.colcon_core.package_identification:_identify(.) by extension 'python_setup_py'
[0.439s] Level 1:colcon.colcon_core.package_identification:_identify(build) by extensions ['ignore', 'ignore_ament_install']
[0.439s] Level 1:colcon.colcon_core.package_identification:_identify(build) by extension 'ignore'
[0.439s] Level 1:colcon.colcon_core.package_identification:_identify(build) ignored
[0.439s] Level 1:colcon.colcon_core.package_identification:_identify(install) by extensions ['ignore', 'ignore_ament_install']
[0.439s] Level 1:colcon.colcon_core.package_identification:_identify(install) by extension 'ignore'
[0.439s] Level 1:colcon.colcon_core.package_identification:_identify(install) ignored
[0.439s] Level 1:colcon.colcon_core.package_identification:_identify(log) by extensions ['ignore', 'ignore_ament_install']
[0.439s] Level 1:colcon.colcon_core.package_identification:_identify(log) by extension 'ignore'
[0.439s] Level 1:colcon.colcon_core.package_identification:_identify(log) ignored
[0.439s] Level 1:colcon.colcon_core.package_identification:_identify(src) by extensions ['ignore', 'ignore_ament_install']
[0.439s] Level 1:colcon.colcon_core.package_identification:_identify(src) by extension 'ignore'
[0.440s] Level 1:colcon.colcon_core.package_identification:_identify(src) by extension 'ignore_ament_install'
[0.440s] Level 1:colcon.colcon_core.package_identification:_identify(src) by extensions ['colcon_pkg']
[0.440s] Level 1:colcon.colcon_core.package_identification:_identify(src) by extension 'colcon_pkg'
[0.440s] Level 1:colcon.colcon_core.package_identification:_identify(src) by extensions ['colcon_meta']
[0.440s] Level 1:colcon.colcon_core.package_identification:_identify(src) by extension 'colcon_meta'
[0.440s] Level 1:colcon.colcon_core.package_identification:_identify(src) by extensions ['ros']
[0.440s] Level 1:colcon.colcon_core.package_identification:_identify(src) by extension 'ros'
[0.440s] Level 1:colcon.colcon_core.package_identification:_identify(src) by extensions ['cmake', 'python']
[0.440s] Level 1:colcon.colcon_core.package_identification:_identify(src) by extension 'cmake'
[0.440s] Level 1:colcon.colcon_core.package_identification:_identify(src) by extension 'python'
[0.440s] Level 1:colcon.colcon_core.package_identification:_identify(src) by extensions ['python_setup_py']
[0.440s] Level 1:colcon.colcon_core.package_identification:_identify(src) by extension 'python_setup_py'
[0.440s] Level 1:colcon.colcon_core.package_identification:_identify(src/ros2_scream) by extensions ['ignore', 'ignore_ament_install']
[0.440s] Level 1:colcon.colcon_core.package_identification:_identify(src/ros2_scream) by extension 'ignore'
[0.440s] Level 1:colcon.colcon_core.package_identification:_identify(src/ros2_scream) by extension 'ignore_ament_install'
[0.440s] Level 1:colcon.colcon_core.package_identification:_identify(src/ros2_scream) by extensions ['colcon_pkg']
[0.440s] Level 1:colcon.colcon_core.package_identification:_identify(src/ros2_scream) by extension 'colcon_pkg'
[0.440s] Level 1:colcon.colcon_core.package_identification:_identify(src/ros2_scream) by extensions ['colcon_meta']
[0.440s] Level 1:colcon.colcon_core.package_identification:_identify(src/ros2_scream) by extension 'colcon_meta'
[0.440s] Level 1:colcon.colcon_core.package_identification:_identify(src/ros2_scream) by extensions ['ros']
[0.440s] Level 1:colcon.colcon_core.package_identification:_identify(src/ros2_scream) by extension 'ros'
[0.445s] DEBUG:colcon.colcon_core.package_identification:Package 'src/ros2_scream' with type 'ros.ament_cmake' and name 'ros2_scream'
[0.445s] Level 1:colcon.colcon_core.package_discovery:discover_packages(recursive) using defaults
[0.445s] Level 1:colcon.colcon_core.package_discovery:discover_packages(ignore) discover
[0.445s] Level 1:colcon.colcon_core.package_discovery:discover_packages(ignore) using defaults
[0.445s] Level 1:colcon.colcon_core.package_discovery:discover_packages(path) discover
[0.445s] Level 1:colcon.colcon_core.package_discovery:discover_packages(path) using defaults
[0.487s] Level 1:colcon.colcon_core.package_discovery:discover_packages(prefix_path) check parameters
[0.488s] Level 1:colcon.colcon_core.package_discovery:discover_packages(prefix_path) discover
[0.500s] DEBUG:colcon.colcon_installed_package_information.package_discovery:Found 4 installed packages in /home/makis-wsl/githubs/seamless_localization/install
[0.501s] DEBUG:colcon.colcon_installed_package_information.package_discovery:Found 4 installed packages in /home/makis-wsl/githubs/ublox_ws/install
[0.503s] DEBUG:colcon.colcon_installed_package_information.package_discovery:Found 293 installed packages in /opt/ros/humble
[0.504s] Level 1:colcon.colcon_core.package_discovery:discover_packages(prefix_path) using defaults
[0.613s] Level 5:colcon.colcon_core.verb:set package 'ros2_scream' build argument 'cmake_args' from command line to 'None'
[0.614s] Level 5:colcon.colcon_core.verb:set package 'ros2_scream' build argument 'cmake_target' from command line to 'None'
[0.614s] Level 5:colcon.colcon_core.verb:set package 'ros2_scream' build argument 'cmake_target_skip_unavailable' from command line to 'False'
[0.614s] Level 5:colcon.colcon_core.verb:set package 'ros2_scream' build argument 'cmake_clean_cache' from command line to 'False'
[0.614s] Level 5:colcon.colcon_core.verb:set package 'ros2_scream' build argument 'cmake_clean_first' from command line to 'False'
[0.614s] Level 5:colcon.colcon_core.verb:set package 'ros2_scream' build argument 'cmake_force_configure' from command line to 'False'
[0.614s] Level 5:colcon.colcon_core.verb:set package 'ros2_scream' build argument 'ament_cmake_args' from command line to 'None'
[0.614s] Level 5:colcon.colcon_core.verb:set package 'ros2_scream' build argument 'catkin_cmake_args' from command line to 'None'
[0.614s] Level 5:colcon.colcon_core.verb:set package 'ros2_scream' build argument 'catkin_skip_building_tests' from command line to 'False'
[0.614s] DEBUG:colcon.colcon_core.verb:Building package 'ros2_scream' with the following arguments: {'ament_cmake_args': None, 'build_base': '/home/makis-wsl/githubs/simple_scream_ros_integration/scream/gstscream/ros2_ws/build/ros2_scream', 'catkin_cmake_args': None, 'catkin_skip_building_tests': False, 'cmake_args': None, 'cmake_clean_cache': False, 'cmake_clean_first': False, 'cmake_force_configure': False, 'cmake_target': None, 'cmake_target_skip_unavailable': False, 'install_base': '/home/makis-wsl/githubs/simple_scream_ros_integration/scream/gstscream/ros2_ws/install/ros2_scream', 'merge_install': False, 'path': '/home/makis-wsl/githubs/simple_scream_ros_integration/scream/gstscream/ros2_ws/src/ros2_scream', 'symlink_install': False, 'test_result_base': None}
[0.614s] INFO:colcon.colcon_core.executor:Executing jobs using 'parallel' executor
[0.615s] DEBUG:colcon.colcon_parallel_executor.executor.parallel:run_until_complete
[0.615s] INFO:colcon.colcon_ros.task.ament_cmake.build:Building ROS package in '/home/makis-wsl/githubs/simple_scream_ros_integration/scream/gstscream/ros2_ws/src/ros2_scream' with build type 'ament_cmake'
[0.615s] INFO:colcon.colcon_cmake.task.cmake.build:Building CMake package in '/home/makis-wsl/githubs/simple_scream_ros_integration/scream/gstscream/ros2_ws/src/ros2_scream'
[0.625s] INFO:colcon.colcon_core.plugin_system:Skipping extension 'colcon_core.shell.bat': Not used on non-Windows systems
[0.625s] INFO:colcon.colcon_core.shell:Skip shell extension 'powershell' for command environment: Not usable outside of PowerShell
[0.625s] DEBUG:colcon.colcon_core.shell:Skip shell extension 'dsv' for command environment
[0.633s] DEBUG:colcon.colcon_core.event_handler.log_command:Invoking command in '/home/makis-wsl/githubs/simple_scream_ros_integration/scream/gstscream/ros2_ws/build/ros2_scream': CMAKE_PREFIX_PATH=${CMAKE_PREFIX_PATH}:/opt/ros/humble /usr/bin/cmake /home/makis-wsl/githubs/simple_scream_ros_integration/scream/gstscream/ros2_ws/src/ros2_scream -DCMAKE_INSTALL_PREFIX=/home/makis-wsl/githubs/simple_scream_ros_integration/scream/gstscream/ros2_ws/install/ros2_scream
[2.377s] DEBUG:colcon.colcon_core.event_handler.log_command:Invoked command in '/home/makis-wsl/githubs/simple_scream_ros_integration/scream/gstscream/ros2_ws/build/ros2_scream' returned '0': CMAKE_PREFIX_PATH=${CMAKE_PREFIX_PATH}:/opt/ros/humble /usr/bin/cmake /home/makis-wsl/githubs/simple_scream_ros_integration/scream/gstscream/ros2_ws/src/ros2_scream -DCMAKE_INSTALL_PREFIX=/home/makis-wsl/githubs/simple_scream_ros_integration/scream/gstscream/ros2_ws/install/ros2_scream
[2.378s] DEBUG:colcon.colcon_core.event_handler.log_command:Invoking command in '/home/makis-wsl/githubs/simple_scream_ros_integration/scream/gstscream/ros2_ws/build/ros2_scream': CMAKE_PREFIX_PATH=${CMAKE_PREFIX_PATH}:/opt/ros/humble /usr/bin/cmake --build /home/makis-wsl/githubs/simple_scream_ros_integration/scream/gstscream/ros2_ws/build/ros2_scream -- -j8 -l8
[2.406s] DEBUG:colcon.colcon_core.event_handler.log_command:Invoked command in '/home/makis-wsl/githubs/simple_scream_ros_integration/scream/gstscream/ros2_ws/build/ros2_scream' returned '0': CMAKE_PREFIX_PATH=${CMAKE_PREFIX_PATH}:/opt/ros/humble /usr/bin/cmake --build /home/makis-wsl/githubs/simple_scream_ros_integration/scream/gstscream/ros2_ws/build/ros2_scream -- -j8 -l8
[2.430s] DEBUG:colcon.colcon_core.event_handler.log_command:Invoking command in '/home/makis-wsl/githubs/simple_scream_ros_integration/scream/gstscream/ros2_ws/build/ros2_scream': CMAKE_PREFIX_PATH=${CMAKE_PREFIX_PATH}:/opt/ros/humble /usr/bin/cmake --install /home/makis-wsl/githubs/simple_scream_ros_integration/scream/gstscream/ros2_ws/build/ros2_scream
[2.443s] Level 1:colcon.colcon_core.environment:create_environment_scripts_only(ros2_scream)
[2.444s] DEBUG:colcon.colcon_core.event_handler.log_command:Invoked command in '/home/makis-wsl/githubs/simple_scream_ros_integration/scream/gstscream/ros2_ws/build/ros2_scream' returned '0': CMAKE_PREFIX_PATH=${CMAKE_PREFIX_PATH}:/opt/ros/humble /usr/bin/cmake --install /home/makis-wsl/githubs/simple_scream_ros_integration/scream/gstscream/ros2_ws/build/ros2_scream
[2.456s] Level 1:colcon.colcon_core.environment:checking '/home/makis-wsl/githubs/simple_scream_ros_integration/scream/gstscream/ros2_ws/install/ros2_scream' for CMake module files
[2.456s] Level 1:colcon.colcon_core.environment:checking '/home/makis-wsl/githubs/simple_scream_ros_integration/scream/gstscream/ros2_ws/install/ros2_scream' for CMake config files
[2.456s] Level 1:colcon.colcon_core.shell:create_environment_hook('ros2_scream', 'cmake_prefix_path')
[2.456s] INFO:colcon.colcon_core.shell:Creating environment hook '/home/makis-wsl/githubs/simple_scream_ros_integration/scream/gstscream/ros2_ws/install/ros2_scream/share/ros2_scream/hook/cmake_prefix_path.ps1'
[2.458s] INFO:colcon.colcon_core.shell:Creating environment descriptor '/home/makis-wsl/githubs/simple_scream_ros_integration/scream/gstscream/ros2_ws/install/ros2_scream/share/ros2_scream/hook/cmake_prefix_path.dsv'
[2.459s] INFO:colcon.colcon_core.shell:Creating environment hook '/home/makis-wsl/githubs/simple_scream_ros_integration/scream/gstscream/ros2_ws/install/ros2_scream/share/ros2_scream/hook/cmake_prefix_path.sh'
[2.460s] Level 1:colcon.colcon_core.environment:checking '/home/makis-wsl/githubs/simple_scream_ros_integration/scream/gstscream/ros2_ws/install/ros2_scream/bin'
[2.461s] Level 1:colcon.colcon_core.environment:checking '/home/makis-wsl/githubs/simple_scream_ros_integration/scream/gstscream/ros2_ws/install/ros2_scream/lib/pkgconfig/ros2_scream.pc'
[2.461s] Level 1:colcon.colcon_core.environment:checking '/home/makis-wsl/githubs/simple_scream_ros_integration/scream/gstscream/ros2_ws/install/ros2_scream/lib/python3.10/site-packages'
[2.461s] Level 1:colcon.colcon_core.environment:checking '/home/makis-wsl/githubs/simple_scream_ros_integration/scream/gstscream/ros2_ws/install/ros2_scream/bin'
[2.461s] INFO:colcon.colcon_core.shell:Creating package script '/home/makis-wsl/githubs/simple_scream_ros_integration/scream/gstscream/ros2_ws/install/ros2_scream/share/ros2_scream/package.ps1'
[2.462s] INFO:colcon.colcon_core.shell:Creating package descriptor '/home/makis-wsl/githubs/simple_scream_ros_integration/scream/gstscream/ros2_ws/install/ros2_scream/share/ros2_scream/package.dsv'
[2.463s] INFO:colcon.colcon_core.shell:Creating package script '/home/makis-wsl/githubs/simple_scream_ros_integration/scream/gstscream/ros2_ws/install/ros2_scream/share/ros2_scream/package.sh'
[2.464s] INFO:colcon.colcon_core.shell:Creating package script '/home/makis-wsl/githubs/simple_scream_ros_integration/scream/gstscream/ros2_ws/install/ros2_scream/share/ros2_scream/package.bash'
[2.466s] INFO:colcon.colcon_core.shell:Creating package script '/home/makis-wsl/githubs/simple_scream_ros_integration/scream/gstscream/ros2_ws/install/ros2_scream/share/ros2_scream/package.zsh'
[2.467s] Level 1:colcon.colcon_core.environment:create_file_with_runtime_dependencies(/home/makis-wsl/githubs/simple_scream_ros_integration/scream/gstscream/ros2_ws/install/ros2_scream/share/colcon-core/packages/ros2_scream)
[2.488s] Level 1:colcon.colcon_core.environment:create_environment_scripts_only(ros2_scream)
[2.488s] Level 1:colcon.colcon_core.environment:checking '/home/makis-wsl/githubs/simple_scream_ros_integration/scream/gstscream/ros2_ws/install/ros2_scream' for CMake module files
[2.488s] Level 1:colcon.colcon_core.environment:checking '/home/makis-wsl/githubs/simple_scream_ros_integration/scream/gstscream/ros2_ws/install/ros2_scream' for CMake config files
[2.488s] Level 1:colcon.colcon_core.shell:create_environment_hook('ros2_scream', 'cmake_prefix_path')
[2.488s] INFO:colcon.colcon_core.shell:Creating environment hook '/home/makis-wsl/githubs/simple_scream_ros_integration/scream/gstscream/ros2_ws/install/ros2_scream/share/ros2_scream/hook/cmake_prefix_path.ps1'
[2.489s] INFO:colcon.colcon_core.shell:Creating environment descriptor '/home/makis-wsl/githubs/simple_scream_ros_integration/scream/gstscream/ros2_ws/install/ros2_scream/share/ros2_scream/hook/cmake_prefix_path.dsv'
[2.489s] INFO:colcon.colcon_core.shell:Creating environment hook '/home/makis-wsl/githubs/simple_scream_ros_integration/scream/gstscream/ros2_ws/install/ros2_scream/share/ros2_scream/hook/cmake_prefix_path.sh'
[2.489s] Level 1:colcon.colcon_core.environment:checking '/home/makis-wsl/githubs/simple_scream_ros_integration/scream/gstscream/ros2_ws/install/ros2_scream/bin'
[2.489s] Level 1:colcon.colcon_core.environment:checking '/home/makis-wsl/githubs/simple_scream_ros_integration/scream/gstscream/ros2_ws/install/ros2_scream/lib/pkgconfig/ros2_scream.pc'
[2.490s] Level 1:colcon.colcon_core.environment:checking '/home/makis-wsl/githubs/simple_scream_ros_integration/scream/gstscream/ros2_ws/install/ros2_scream/lib/python3.10/site-packages'
[2.490s] Level 1:colcon.colcon_core.environment:checking '/home/makis-wsl/githubs/simple_scream_ros_integration/scream/gstscream/ros2_ws/install/ros2_scream/bin'
[2.490s] INFO:colcon.colcon_core.shell:Creating package script '/home/makis-wsl/githubs/simple_scream_ros_integration/scream/gstscream/ros2_ws/install/ros2_scream/share/ros2_scream/package.ps1'
[2.490s] INFO:colcon.colcon_core.shell:Creating package descriptor '/home/makis-wsl/githubs/simple_scream_ros_integration/scream/gstscream/ros2_ws/install/ros2_scream/share/ros2_scream/package.dsv'
[2.491s] INFO:colcon.colcon_core.shell:Creating package script '/home/makis-wsl/githubs/simple_scream_ros_integration/scream/gstscream/ros2_ws/install/ros2_scream/share/ros2_scream/package.sh'
[2.491s] INFO:colcon.colcon_core.shell:Creating package script '/home/makis-wsl/githubs/simple_scream_ros_integration/scream/gstscream/ros2_ws/install/ros2_scream/share/ros2_scream/package.bash'
[2.491s] INFO:colcon.colcon_core.shell:Creating package script '/home/makis-wsl/githubs/simple_scream_ros_integration/scream/gstscream/ros2_ws/install/ros2_scream/share/ros2_scream/package.zsh'
[2.492s] Level 1:colcon.colcon_core.environment:create_file_with_runtime_dependencies(/home/makis-wsl/githubs/simple_scream_ros_integration/scream/gstscream/ros2_ws/install/ros2_scream/share/colcon-core/packages/ros2_scream)
[2.492s] DEBUG:colcon.colcon_parallel_executor.executor.parallel:closing loop
[2.492s] DEBUG:colcon.colcon_parallel_executor.executor.parallel:loop closed
[2.492s] DEBUG:colcon.colcon_parallel_executor.executor.parallel:run_until_complete finished with '0'
[2.492s] DEBUG:colcon.colcon_core.event_reactor:joining thread
[2.509s] INFO:colcon.colcon_core.plugin_system:Skipping extension 'colcon_notification.desktop_notification.terminal_notifier': Not used on non-Darwin systems
[2.509s] INFO:colcon.colcon_core.plugin_system:Skipping extension 'colcon_notification.desktop_notification.win32': Not used on non-Windows systems
[2.509s] INFO:colcon.colcon_notification.desktop_notification:Sending desktop notification using 'notify2'
[2.513s] DEBUG:colcon.colcon_notification.desktop_notification.notify2:Failed to initialize notify2: org.freedesktop.DBus.Error.ServiceUnknown: The name org.freedesktop.Notifications was not provided by any .service files
[2.513s] DEBUG:colcon.colcon_core.event_reactor:joined thread
[2.514s] INFO:colcon.colcon_core.shell:Creating prefix script '/home/makis-wsl/githubs/simple_scream_ros_integration/scream/gstscream/ros2_ws/install/local_setup.ps1'
[2.515s] INFO:colcon.colcon_core.shell:Creating prefix util module '/home/makis-wsl/githubs/simple_scream_ros_integration/scream/gstscream/ros2_ws/install/_local_setup_util_ps1.py'
[2.517s] INFO:colcon.colcon_core.shell:Creating prefix chain script '/home/makis-wsl/githubs/simple_scream_ros_integration/scream/gstscream/ros2_ws/install/setup.ps1'
[2.518s] INFO:colcon.colcon_core.shell:Creating prefix script '/home/makis-wsl/githubs/simple_scream_ros_integration/scream/gstscream/ros2_ws/install/local_setup.sh'
[2.519s] INFO:colcon.colcon_core.shell:Creating prefix util module '/home/makis-wsl/githubs/simple_scream_ros_integration/scream/gstscream/ros2_ws/install/_local_setup_util_sh.py'
[2.519s] INFO:colcon.colcon_core.shell:Creating prefix chain script '/home/makis-wsl/githubs/simple_scream_ros_integration/scream/gstscream/ros2_ws/install/setup.sh'
[2.521s] INFO:colcon.colcon_core.shell:Creating prefix script '/home/makis-wsl/githubs/simple_scream_ros_integration/scream/gstscream/ros2_ws/install/local_setup.bash'
[2.522s] INFO:colcon.colcon_core.shell:Creating prefix chain script '/home/makis-wsl/githubs/simple_scream_ros_integration/scream/gstscream/ros2_ws/install/setup.bash'
[2.524s] INFO:colcon.colcon_core.shell:Creating prefix script '/home/makis-wsl/githubs/simple_scream_ros_integration/scream/gstscream/ros2_ws/install/local_setup.zsh'
[2.525s] INFO:colcon.colcon_core.shell:Creating prefix chain script '/home/makis-wsl/githubs/simple_scream_ros_integration/scream/gstscream/ros2_ws/install/setup.zsh'
