[0.018s] Invoking command in '/home/makis-wsl/githubs/simple_scream_ros_integration/scream/gstscream/ros2_ws/build/ros2_scream': CMAKE_PREFIX_PATH=${CMAKE_PREFIX_PATH}:/opt/ros/humble /usr/bin/cmake /home/makis-wsl/githubs/simple_scream_ros_integration/scream/gstscream/ros2_ws/src/ros2_scream -DCMAKE_INSTALL_PREFIX=/home/makis-wsl/githubs/simple_scream_ros_integration/scream/gstscream/ros2_ws/install/ros2_scream
[0.305s] -- The C compiler identification is GNU 11.4.0
[0.711s] -- The CXX compiler identification is GNU 11.4.0
[0.900s] -- Detecting C compiler ABI info
[1.033s] -- Detecting C compiler ABI info - done
[1.040s] -- Check for working C compiler: /usr/bin/cc - skipped
[1.041s] -- Detecting C compile features
[1.042s] -- Detecting C compile features - done
[1.048s] -- Detecting CXX compiler ABI info
[1.168s] -- Detecting CXX compiler ABI info - done
[1.174s] -- Check for working CXX compiler: /usr/bin/c++ - skipped
[1.175s] -- Detecting CXX compile features
[1.175s] -- Detecting CXX compile features - done
[1.201s] -- Found ament_cmake: 1.3.10 (/opt/ros/humble/share/ament_cmake/cmake)
[1.522s] -- Found Python3: /usr/bin/python3 (found version "3.10.12") found components: Interpreter 
[1.646s] -- Found ament_lint_auto: 0.12.11 (/opt/ros/humble/share/ament_lint_auto/cmake)
[1.743s] -- Added test 'lint_cmake' to check CMake code style
[1.745s] -- Added test 'xmllint' to check XML markup files
[1.748s] -- Configuring done
[1.754s] -- Generating done
[1.755s] -- Build files have been written to: /home/makis-wsl/githubs/simple_scream_ros_integration/scream/gstscream/ros2_ws/build/ros2_scream
[1.761s] Invoked command in '/home/makis-wsl/githubs/simple_scream_ros_integration/scream/gstscream/ros2_ws/build/ros2_scream' returned '0': CMAKE_PREFIX_PATH=${CMAKE_PREFIX_PATH}:/opt/ros/humble /usr/bin/cmake /home/makis-wsl/githubs/simple_scream_ros_integration/scream/gstscream/ros2_ws/src/ros2_scream -DCMAKE_INSTALL_PREFIX=/home/makis-wsl/githubs/simple_scream_ros_integration/scream/gstscream/ros2_ws/install/ros2_scream
[1.762s] Invoking command in '/home/makis-wsl/githubs/simple_scream_ros_integration/scream/gstscream/ros2_ws/build/ros2_scream': CMAKE_PREFIX_PATH=${CMAKE_PREFIX_PATH}:/opt/ros/humble /usr/bin/cmake --build /home/makis-wsl/githubs/simple_scream_ros_integration/scream/gstscream/ros2_ws/build/ros2_scream -- -j8 -l8
[1.790s] Invoked command in '/home/makis-wsl/githubs/simple_scream_ros_integration/scream/gstscream/ros2_ws/build/ros2_scream' returned '0': CMAKE_PREFIX_PATH=${CMAKE_PREFIX_PATH}:/opt/ros/humble /usr/bin/cmake --build /home/makis-wsl/githubs/simple_scream_ros_integration/scream/gstscream/ros2_ws/build/ros2_scream -- -j8 -l8
[1.814s] Invoking command in '/home/makis-wsl/githubs/simple_scream_ros_integration/scream/gstscream/ros2_ws/build/ros2_scream': CMAKE_PREFIX_PATH=${CMAKE_PREFIX_PATH}:/opt/ros/humble /usr/bin/cmake --install /home/makis-wsl/githubs/simple_scream_ros_integration/scream/gstscream/ros2_ws/build/ros2_scream
[1.819s] -- Install configuration: ""
[1.822s] -- Installing: /home/makis-wsl/githubs/simple_scream_ros_integration/scream/gstscream/ros2_ws/install/ros2_scream/share/ament_index/resource_index/package_run_dependencies/ros2_scream
[1.822s] -- Installing: /home/makis-wsl/githubs/simple_scream_ros_integration/scream/gstscream/ros2_ws/install/ros2_scream/share/ament_index/resource_index/parent_prefix_path/ros2_scream
[1.824s] -- Installing: /home/makis-wsl/githubs/simple_scream_ros_integration/scream/gstscream/ros2_ws/install/ros2_scream/share/ros2_scream/environment/ament_prefix_path.sh
[1.824s] -- Installing: /home/makis-wsl/githubs/simple_scream_ros_integration/scream/gstscream/ros2_ws/install/ros2_scream/share/ros2_scream/environment/ament_prefix_path.dsv
[1.824s] -- Installing: /home/makis-wsl/githubs/simple_scream_ros_integration/scream/gstscream/ros2_ws/install/ros2_scream/share/ros2_scream/environment/path.sh
[1.824s] -- Installing: /home/makis-wsl/githubs/simple_scream_ros_integration/scream/gstscream/ros2_ws/install/ros2_scream/share/ros2_scream/environment/path.dsv
[1.824s] -- Installing: /home/makis-wsl/githubs/simple_scream_ros_integration/scream/gstscream/ros2_ws/install/ros2_scream/share/ros2_scream/local_setup.bash
[1.824s] -- Installing: /home/makis-wsl/githubs/simple_scream_ros_integration/scream/gstscream/ros2_ws/install/ros2_scream/share/ros2_scream/local_setup.sh
[1.824s] -- Installing: /home/makis-wsl/githubs/simple_scream_ros_integration/scream/gstscream/ros2_ws/install/ros2_scream/share/ros2_scream/local_setup.zsh
[1.825s] -- Installing: /home/makis-wsl/githubs/simple_scream_ros_integration/scream/gstscream/ros2_ws/install/ros2_scream/share/ros2_scream/local_setup.dsv
[1.825s] -- Installing: /home/makis-wsl/githubs/simple_scream_ros_integration/scream/gstscream/ros2_ws/install/ros2_scream/share/ros2_scream/package.dsv
[1.825s] -- Installing: /home/makis-wsl/githubs/simple_scream_ros_integration/scream/gstscream/ros2_ws/install/ros2_scream/share/ament_index/resource_index/packages/ros2_scream
[1.826s] -- Installing: /home/makis-wsl/githubs/simple_scream_ros_integration/scream/gstscream/ros2_ws/install/ros2_scream/share/ros2_scream/cmake/ros2_screamConfig.cmake
[1.826s] -- Installing: /home/makis-wsl/githubs/simple_scream_ros_integration/scream/gstscream/ros2_ws/install/ros2_scream/share/ros2_scream/cmake/ros2_screamConfig-version.cmake
[1.826s] -- Installing: /home/makis-wsl/githubs/simple_scream_ros_integration/scream/gstscream/ros2_ws/install/ros2_scream/share/ros2_scream/package.xml
[1.828s] Invoked command in '/home/makis-wsl/githubs/simple_scream_ros_integration/scream/gstscream/ros2_ws/build/ros2_scream' returned '0': CMAKE_PREFIX_PATH=${CMAKE_PREFIX_PATH}:/opt/ros/humble /usr/bin/cmake --install /home/makis-wsl/githubs/simple_scream_ros_integration/scream/gstscream/ros2_ws/build/ros2_scream
