running egg_info
creating ../../build/gst_pipeline/gst_pipeline.egg-info
writing ../../build/gst_pipeline/gst_pipeline.egg-info/PKG-INFO
writing dependency_links to ../../build/gst_pipeline/gst_pipeline.egg-info/dependency_links.txt
writing entry points to ../../build/gst_pipeline/gst_pipeline.egg-info/entry_points.txt
writing requirements to ../../build/gst_pipeline/gst_pipeline.egg-info/requires.txt
writing top-level names to ../../build/gst_pipeline/gst_pipeline.egg-info/top_level.txt
writing manifest file '../../build/gst_pipeline/gst_pipeline.egg-info/SOURCES.txt'
reading manifest file '../../build/gst_pipeline/gst_pipeline.egg-info/SOURCES.txt'
adding license file 'LICENSE.md'
writing manifest file '../../build/gst_pipeline/gst_pipeline.egg-info/SOURCES.txt'
running build
running build_py
creating /home/eamrgde/Documents/gitrepos/ros_scream_int/scream/gstscream/ros2_bridge/src/build/gst_pipeline/build
creating /home/eamrgde/Documents/gitrepos/ros_scream_int/scream/gstscream/ros2_bridge/src/build/gst_pipeline/build/lib
creating /home/eamrgde/Documents/gitrepos/ros_scream_int/scream/gstscream/ros2_bridge/src/build/gst_pipeline/build/lib/gst_pipeline
copying gst_pipeline/webrtc_sigchan.py -> /home/eamrgde/Documents/gitrepos/ros_scream_int/scream/gstscream/ros2_bridge/src/build/gst_pipeline/build/lib/gst_pipeline
copying gst_pipeline/pipeline_node.py -> /home/eamrgde/Documents/gitrepos/ros_scream_int/scream/gstscream/ros2_bridge/src/build/gst_pipeline/build/lib/gst_pipeline
copying gst_pipeline/pipeline.py -> /home/eamrgde/Documents/gitrepos/ros_scream_int/scream/gstscream/ros2_bridge/src/build/gst_pipeline/build/lib/gst_pipeline
copying gst_pipeline/simplebin.py -> /home/eamrgde/Documents/gitrepos/ros_scream_int/scream/gstscream/ros2_bridge/src/build/gst_pipeline/build/lib/gst_pipeline
copying gst_pipeline/webrtc_pipes.py -> /home/eamrgde/Documents/gitrepos/ros_scream_int/scream/gstscream/ros2_bridge/src/build/gst_pipeline/build/lib/gst_pipeline
copying gst_pipeline/webrtc_transport_ws.py -> /home/eamrgde/Documents/gitrepos/ros_scream_int/scream/gstscream/ros2_bridge/src/build/gst_pipeline/build/lib/gst_pipeline
copying gst_pipeline/__init__.py -> /home/eamrgde/Documents/gitrepos/ros_scream_int/scream/gstscream/ros2_bridge/src/build/gst_pipeline/build/lib/gst_pipeline
running install
running install_lib
creating /home/eamrgde/Documents/gitrepos/ros_scream_int/scream/gstscream/ros2_bridge/src/install/gst_pipeline/lib/python3.10/site-packages/gst_pipeline
copying /home/eamrgde/Documents/gitrepos/ros_scream_int/scream/gstscream/ros2_bridge/src/build/gst_pipeline/build/lib/gst_pipeline/webrtc_sigchan.py -> /home/eamrgde/Documents/gitrepos/ros_scream_int/scream/gstscream/ros2_bridge/src/install/gst_pipeline/lib/python3.10/site-packages/gst_pipeline
copying /home/eamrgde/Documents/gitrepos/ros_scream_int/scream/gstscream/ros2_bridge/src/build/gst_pipeline/build/lib/gst_pipeline/pipeline_node.py -> /home/eamrgde/Documents/gitrepos/ros_scream_int/scream/gstscream/ros2_bridge/src/install/gst_pipeline/lib/python3.10/site-packages/gst_pipeline
copying /home/eamrgde/Documents/gitrepos/ros_scream_int/scream/gstscream/ros2_bridge/src/build/gst_pipeline/build/lib/gst_pipeline/pipeline.py -> /home/eamrgde/Documents/gitrepos/ros_scream_int/scream/gstscream/ros2_bridge/src/install/gst_pipeline/lib/python3.10/site-packages/gst_pipeline
copying /home/eamrgde/Documents/gitrepos/ros_scream_int/scream/gstscream/ros2_bridge/src/build/gst_pipeline/build/lib/gst_pipeline/simplebin.py -> /home/eamrgde/Documents/gitrepos/ros_scream_int/scream/gstscream/ros2_bridge/src/install/gst_pipeline/lib/python3.10/site-packages/gst_pipeline
copying /home/eamrgde/Documents/gitrepos/ros_scream_int/scream/gstscream/ros2_bridge/src/build/gst_pipeline/build/lib/gst_pipeline/webrtc_pipes.py -> /home/eamrgde/Documents/gitrepos/ros_scream_int/scream/gstscream/ros2_bridge/src/install/gst_pipeline/lib/python3.10/site-packages/gst_pipeline
copying /home/eamrgde/Documents/gitrepos/ros_scream_int/scream/gstscream/ros2_bridge/src/build/gst_pipeline/build/lib/gst_pipeline/webrtc_transport_ws.py -> /home/eamrgde/Documents/gitrepos/ros_scream_int/scream/gstscream/ros2_bridge/src/install/gst_pipeline/lib/python3.10/site-packages/gst_pipeline
copying /home/eamrgde/Documents/gitrepos/ros_scream_int/scream/gstscream/ros2_bridge/src/build/gst_pipeline/build/lib/gst_pipeline/__init__.py -> /home/eamrgde/Documents/gitrepos/ros_scream_int/scream/gstscream/ros2_bridge/src/install/gst_pipeline/lib/python3.10/site-packages/gst_pipeline
byte-compiling /home/eamrgde/Documents/gitrepos/ros_scream_int/scream/gstscream/ros2_bridge/src/install/gst_pipeline/lib/python3.10/site-packages/gst_pipeline/webrtc_sigchan.py to webrtc_sigchan.cpython-310.pyc
byte-compiling /home/eamrgde/Documents/gitrepos/ros_scream_int/scream/gstscream/ros2_bridge/src/install/gst_pipeline/lib/python3.10/site-packages/gst_pipeline/pipeline_node.py to pipeline_node.cpython-310.pyc
byte-compiling /home/eamrgde/Documents/gitrepos/ros_scream_int/scream/gstscream/ros2_bridge/src/install/gst_pipeline/lib/python3.10/site-packages/gst_pipeline/pipeline.py to pipeline.cpython-310.pyc
byte-compiling /home/eamrgde/Documents/gitrepos/ros_scream_int/scream/gstscream/ros2_bridge/src/install/gst_pipeline/lib/python3.10/site-packages/gst_pipeline/simplebin.py to simplebin.cpython-310.pyc
byte-compiling /home/eamrgde/Documents/gitrepos/ros_scream_int/scream/gstscream/ros2_bridge/src/install/gst_pipeline/lib/python3.10/site-packages/gst_pipeline/webrtc_pipes.py to webrtc_pipes.cpython-310.pyc
byte-compiling /home/eamrgde/Documents/gitrepos/ros_scream_int/scream/gstscream/ros2_bridge/src/install/gst_pipeline/lib/python3.10/site-packages/gst_pipeline/webrtc_transport_ws.py to webrtc_transport_ws.cpython-310.pyc
byte-compiling /home/eamrgde/Documents/gitrepos/ros_scream_int/scream/gstscream/ros2_bridge/src/install/gst_pipeline/lib/python3.10/site-packages/gst_pipeline/__init__.py to __init__.cpython-310.pyc
running install_data
creating /home/eamrgde/Documents/gitrepos/ros_scream_int/scream/gstscream/ros2_bridge/src/install/gst_pipeline/share/ament_index
creating /home/eamrgde/Documents/gitrepos/ros_scream_int/scream/gstscream/ros2_bridge/src/install/gst_pipeline/share/ament_index/resource_index
creating /home/eamrgde/Documents/gitrepos/ros_scream_int/scream/gstscream/ros2_bridge/src/install/gst_pipeline/share/ament_index/resource_index/packages
copying resource/gst_pipeline -> /home/eamrgde/Documents/gitrepos/ros_scream_int/scream/gstscream/ros2_bridge/src/install/gst_pipeline/share/ament_index/resource_index/packages
copying package.xml -> /home/eamrgde/Documents/gitrepos/ros_scream_int/scream/gstscream/ros2_bridge/src/install/gst_pipeline/share/gst_pipeline
creating /home/eamrgde/Documents/gitrepos/ros_scream_int/scream/gstscream/ros2_bridge/src/install/gst_pipeline/share/gst_pipeline/config
running install_egg_info
Copying ../../build/gst_pipeline/gst_pipeline.egg-info to /home/eamrgde/Documents/gitrepos/ros_scream_int/scream/gstscream/ros2_bridge/src/install/gst_pipeline/lib/python3.10/site-packages/gst_pipeline-0.0.0-py3.10.egg-info
running install_scripts
Installing pipeline_node script to /home/eamrgde/Documents/gitrepos/ros_scream_int/scream/gstscream/ros2_bridge/src/install/gst_pipeline/lib/gst_pipeline
writing list of installed files to '/home/eamrgde/Documents/gitrepos/ros_scream_int/scream/gstscream/ros2_bridge/src/build/gst_pipeline/install.log'
