[0.012s] Invoking command in '/home/eamrgde/Documents/gitrepos/ros_scream_int/scream/gstscream/ros2_bridge/src/build/audio_msgs': CMAKE_PREFIX_PATH=/opt/ros/humble /usr/bin/cmake /home/eamrgde/Documents/gitrepos/ros_scream_int/scream/gstscream/ros2_bridge/src/ros-gst-bridge/audio_msgs -DCMAKE_INSTALL_PREFIX=/home/eamrgde/Documents/gitrepos/ros_scream_int/scream/gstscream/ros2_bridge/src/install/audio_msgs
[0.142s] -- The C compiler identification is GNU 11.4.0
[0.317s] -- The CXX compiler identification is GNU 11.4.0
[0.325s] -- Detecting C compiler ABI info
[0.387s] -- Detecting C compiler ABI info - done
[0.392s] -- Check for working C compiler: /usr/bin/cc - skipped
[0.393s] -- Detecting C compile features
[0.393s] -- Detecting C compile features - done
[0.396s] -- Detecting CXX compiler ABI info
[0.463s] -- Detecting CXX compiler ABI info - done
[0.469s] -- Check for working CXX compiler: /usr/bin/c++ - skipped
[0.469s] -- Detecting CXX compile features
[0.469s] -- Detecting CXX compile features - done
[0.478s] -- Found ament_cmake: 1.3.11 (/opt/ros/humble/share/ament_cmake/cmake)
[0.606s] -- Found Python3: /usr/bin/python3 (found version "3.10.12") found components: Interpreter 
[0.689s] -- Found std_msgs: 4.8.0 (/opt/ros/humble/share/std_msgs/cmake)
[0.725s] -- Found rosidl_generator_c: 3.1.6 (/opt/ros/humble/share/rosidl_generator_c/cmake)
[0.730s] -- Found rosidl_adapter: 3.1.6 (/opt/ros/humble/share/rosidl_adapter/cmake)
[0.739s] -- Found rosidl_generator_cpp: 3.1.6 (/opt/ros/humble/share/rosidl_generator_cpp/cmake)
[0.754s] -- Using all available rosidl_typesupport_c: rosidl_typesupport_fastrtps_c;rosidl_typesupport_introspection_c
[0.769s] -- Using all available rosidl_typesupport_cpp: rosidl_typesupport_fastrtps_cpp;rosidl_typesupport_introspection_cpp
[0.792s] -- Found sensor_msgs: 4.8.0 (/opt/ros/humble/share/sensor_msgs/cmake)
[0.824s] -- Found rosidl_default_generators: 1.2.0 (/opt/ros/humble/share/rosidl_default_generators/cmake)
[1.048s] -- Found ament_cmake_ros: 0.10.0 (/opt/ros/humble/share/ament_cmake_ros/cmake)
[1.340s] -- Using all available rosidl_typesupport_c: rosidl_typesupport_fastrtps_c;rosidl_typesupport_introspection_c
[1.452s] -- Using all available rosidl_typesupport_cpp: rosidl_typesupport_fastrtps_cpp;rosidl_typesupport_introspection_cpp
[1.470s] -- Found PythonInterp: /usr/bin/python3 (found suitable version "3.10.12", minimum required is "3.6") 
[1.472s] -- Found python_cmake_module: 0.10.0 (/opt/ros/humble/share/python_cmake_module/cmake)
[1.492s] -- Found PythonLibs: /usr/lib/x86_64-linux-gnu/libpython3.10.so (found suitable version "3.10.12", minimum required is "3.5") 
[1.492s] -- Using PYTHON_EXECUTABLE: /usr/bin/python3
[1.492s] -- Using PYTHON_INCLUDE_DIRS: /usr/include/python3.10
[1.493s] -- Using PYTHON_LIBRARIES: /usr/lib/x86_64-linux-gnu/libpython3.10.so
[1.509s] -- Found PythonExtra: .so  
[1.548s] -- Found ament_lint_auto: 0.12.12 (/opt/ros/humble/share/ament_lint_auto/cmake)
[1.571s] -- Added test 'copyright' to check source files copyright and LICENSE
[1.573s] -- Added test 'lint_cmake' to check CMake code style
[1.573s] -- Added test 'xmllint' to check XML markup files
[1.576s] -- Configuring done
[1.607s] -- Generating done
[1.619s] -- Build files have been written to: /home/eamrgde/Documents/gitrepos/ros_scream_int/scream/gstscream/ros2_bridge/src/build/audio_msgs
[1.626s] Invoked command in '/home/eamrgde/Documents/gitrepos/ros_scream_int/scream/gstscream/ros2_bridge/src/build/audio_msgs' returned '0': CMAKE_PREFIX_PATH=/opt/ros/humble /usr/bin/cmake /home/eamrgde/Documents/gitrepos/ros_scream_int/scream/gstscream/ros2_bridge/src/ros-gst-bridge/audio_msgs -DCMAKE_INSTALL_PREFIX=/home/eamrgde/Documents/gitrepos/ros_scream_int/scream/gstscream/ros2_bridge/src/install/audio_msgs
[1.628s] Invoking command in '/home/eamrgde/Documents/gitrepos/ros_scream_int/scream/gstscream/ros2_bridge/src/build/audio_msgs': CMAKE_PREFIX_PATH=/opt/ros/humble /usr/bin/cmake --build /home/eamrgde/Documents/gitrepos/ros_scream_int/scream/gstscream/ros2_bridge/src/build/audio_msgs -- -j8 -l8
[1.663s] [  3%] [34m[1mGenerating C code for ROS interfaces[0m
[1.671s] [  6%] [34m[1mGenerating C++ code for ROS interfaces[0m
[1.679s] [  6%] Built target ament_cmake_python_copy_audio_msgs
[1.884s] running egg_info
[1.885s] creating audio_msgs.egg-info
[1.885s] writing audio_msgs.egg-info/PKG-INFO
[1.885s] writing dependency_links to audio_msgs.egg-info/dependency_links.txt
[1.885s] writing top-level names to audio_msgs.egg-info/top_level.txt
[1.885s] writing manifest file 'audio_msgs.egg-info/SOURCES.txt'
[1.887s] reading manifest file 'audio_msgs.egg-info/SOURCES.txt'
[1.888s] writing manifest file 'audio_msgs.egg-info/SOURCES.txt'
[1.912s] [  6%] Built target ament_cmake_python_build_audio_msgs_egg
[1.972s] [  6%] Built target audio_msgs__cpp
[1.983s] [ 12%] [34m[1mGenerating C++ type support for eProsima Fast-RTPS[0m
[1.983s] [ 12%] [34m[1mGenerating C++ introspection for ROS interfaces[0m
[1.983s] [ 19%] [32mBuilding C object CMakeFiles/audio_msgs__rosidl_generator_c.dir/rosidl_generator_c/audio_msgs/msg/detail/audio__functions.c.o[0m
[1.983s] [ 19%] [34m[1mGenerating C++ type support dispatch for ROS interfaces[0m
[2.050s] [ 22%] [32m[1mLinking C shared library libaudio_msgs__rosidl_generator_c.so[0m
[2.082s] [ 22%] Built target audio_msgs__rosidl_generator_c
[2.094s] [ 25%] [34m[1mGenerating C type support for eProsima Fast-RTPS[0m
[2.094s] [ 29%] [34m[1mGenerating C introspection for ROS interfaces[0m
[2.094s] [ 32%] [34m[1mGenerating C type support dispatch for ROS interfaces[0m
[2.412s] [ 35%] [32mBuilding CXX object CMakeFiles/audio_msgs__rosidl_typesupport_cpp.dir/rosidl_typesupport_cpp/audio_msgs/msg/audio__type_support.cpp.o[0m
[2.443s] [ 38%] [32mBuilding C object CMakeFiles/audio_msgs__rosidl_typesupport_introspection_c.dir/rosidl_typesupport_introspection_c/audio_msgs/msg/detail/audio__type_support.c.o[0m
[2.472s] [ 41%] [32mBuilding CXX object CMakeFiles/audio_msgs__rosidl_typesupport_fastrtps_cpp.dir/rosidl_typesupport_fastrtps_cpp/audio_msgs/msg/detail/dds_fastrtps/audio__type_support.cpp.o[0m
[2.476s] [ 45%] [32mBuilding CXX object CMakeFiles/audio_msgs__rosidl_typesupport_introspection_cpp.dir/rosidl_typesupport_introspection_cpp/audio_msgs/msg/detail/audio__type_support.cpp.o[0m
[2.479s] [ 48%] [32mBuilding CXX object CMakeFiles/audio_msgs__rosidl_typesupport_c.dir/rosidl_typesupport_c/audio_msgs/msg/audio__type_support.cpp.o[0m
[2.493s] [ 51%] [32m[1mLinking C shared library libaudio_msgs__rosidl_typesupport_introspection_c.so[0m
[2.513s] [ 54%] [32mBuilding CXX object CMakeFiles/audio_msgs__rosidl_typesupport_fastrtps_c.dir/rosidl_typesupport_fastrtps_c/audio_msgs/msg/detail/audio__type_support_c.cpp.o[0m
[2.521s] [ 58%] [32m[1mLinking CXX shared library libaudio_msgs__rosidl_typesupport_c.so[0m
[2.532s] [ 58%] Built target audio_msgs__rosidl_typesupport_introspection_c
[2.572s] [ 58%] Built target audio_msgs__rosidl_typesupport_c
[2.693s] [ 61%] [32m[1mLinking CXX shared library libaudio_msgs__rosidl_typesupport_cpp.so[0m
[2.749s] [ 61%] Built target audio_msgs__rosidl_typesupport_cpp
[2.803s] [ 64%] [32m[1mLinking CXX shared library libaudio_msgs__rosidl_typesupport_fastrtps_c.so[0m
[2.824s] [ 67%] [32m[1mLinking CXX shared library libaudio_msgs__rosidl_typesupport_introspection_cpp.so[0m
[2.857s] [ 70%] [32m[1mLinking CXX shared library libaudio_msgs__rosidl_typesupport_fastrtps_cpp.so[0m
[2.879s] [ 70%] Built target audio_msgs__rosidl_typesupport_fastrtps_c
[2.903s] [ 70%] Built target audio_msgs__rosidl_typesupport_introspection_cpp
[2.926s] [ 70%] Built target audio_msgs__rosidl_typesupport_fastrtps_cpp
[2.945s] [ 70%] Built target audio_msgs
[2.962s] [ 74%] [34m[1mGenerating Python code for ROS interfaces[0m
[3.356s] [ 74%] Built target audio_msgs__py
[3.375s] [ 77%] [32mBuilding C object CMakeFiles/audio_msgs__rosidl_generator_py.dir/rosidl_generator_py/audio_msgs/msg/_audio_s.c.o[0m
[3.477s] [ 80%] [32m[1mLinking C shared library rosidl_generator_py/audio_msgs/libaudio_msgs__rosidl_generator_py.so[0m
[3.510s] [ 80%] Built target audio_msgs__rosidl_generator_py
[3.529s] [ 90%] [32mBuilding C object CMakeFiles/audio_msgs__rosidl_typesupport_fastrtps_c__pyext.dir/rosidl_generator_py/audio_msgs/_audio_msgs_s.ep.rosidl_typesupport_fastrtps_c.c.o[0m
[3.530s] [ 90%] [32mBuilding C object CMakeFiles/audio_msgs__rosidl_typesupport_c__pyext.dir/rosidl_generator_py/audio_msgs/_audio_msgs_s.ep.rosidl_typesupport_c.c.o[0m
[3.530s] [ 90%] [32mBuilding C object CMakeFiles/audio_msgs__rosidl_typesupport_introspection_c__pyext.dir/rosidl_generator_py/audio_msgs/_audio_msgs_s.ep.rosidl_typesupport_introspection_c.c.o[0m
[3.608s] [ 93%] [32m[1mLinking C shared library rosidl_generator_py/audio_msgs/audio_msgs_s__rosidl_typesupport_introspection_c.cpython-310-x86_64-linux-gnu.so[0m
[3.625s] [ 96%] [32m[1mLinking C shared library rosidl_generator_py/audio_msgs/audio_msgs_s__rosidl_typesupport_c.cpython-310-x86_64-linux-gnu.so[0m
[3.625s] [100%] [32m[1mLinking C shared library rosidl_generator_py/audio_msgs/audio_msgs_s__rosidl_typesupport_fastrtps_c.cpython-310-x86_64-linux-gnu.so[0m
[3.644s] [100%] Built target audio_msgs__rosidl_typesupport_introspection_c__pyext
[3.660s] [100%] Built target audio_msgs__rosidl_typesupport_c__pyext
[3.660s] [100%] Built target audio_msgs__rosidl_typesupport_fastrtps_c__pyext
[3.671s] Invoked command in '/home/eamrgde/Documents/gitrepos/ros_scream_int/scream/gstscream/ros2_bridge/src/build/audio_msgs' returned '0': CMAKE_PREFIX_PATH=/opt/ros/humble /usr/bin/cmake --build /home/eamrgde/Documents/gitrepos/ros_scream_int/scream/gstscream/ros2_bridge/src/build/audio_msgs -- -j8 -l8
[3.679s] Invoking command in '/home/eamrgde/Documents/gitrepos/ros_scream_int/scream/gstscream/ros2_bridge/src/build/audio_msgs': CMAKE_PREFIX_PATH=/opt/ros/humble /usr/bin/cmake --install /home/eamrgde/Documents/gitrepos/ros_scream_int/scream/gstscream/ros2_bridge/src/build/audio_msgs
[3.685s] -- Install configuration: ""
[3.685s] -- Installing: /home/eamrgde/Documents/gitrepos/ros_scream_int/scream/gstscream/ros2_bridge/src/install/audio_msgs/share/ament_index/resource_index/rosidl_interfaces/audio_msgs
[3.686s] -- Installing: /home/eamrgde/Documents/gitrepos/ros_scream_int/scream/gstscream/ros2_bridge/src/install/audio_msgs/include/audio_msgs/audio_msgs
[3.686s] -- Installing: /home/eamrgde/Documents/gitrepos/ros_scream_int/scream/gstscream/ros2_bridge/src/install/audio_msgs/include/audio_msgs/audio_msgs/msg
[3.686s] -- Installing: /home/eamrgde/Documents/gitrepos/ros_scream_int/scream/gstscream/ros2_bridge/src/install/audio_msgs/include/audio_msgs/audio_msgs/msg/rosidl_generator_c__visibility_control.h
[3.686s] -- Installing: /home/eamrgde/Documents/gitrepos/ros_scream_int/scream/gstscream/ros2_bridge/src/install/audio_msgs/include/audio_msgs/audio_msgs/msg/audio.h
[3.686s] -- Installing: /home/eamrgde/Documents/gitrepos/ros_scream_int/scream/gstscream/ros2_bridge/src/install/audio_msgs/include/audio_msgs/audio_msgs/msg/detail
[3.686s] -- Installing: /home/eamrgde/Documents/gitrepos/ros_scream_int/scream/gstscream/ros2_bridge/src/install/audio_msgs/include/audio_msgs/audio_msgs/msg/detail/audio__functions.c
[3.686s] -- Installing: /home/eamrgde/Documents/gitrepos/ros_scream_int/scream/gstscream/ros2_bridge/src/install/audio_msgs/include/audio_msgs/audio_msgs/msg/detail/audio__struct.h
[3.686s] -- Installing: /home/eamrgde/Documents/gitrepos/ros_scream_int/scream/gstscream/ros2_bridge/src/install/audio_msgs/include/audio_msgs/audio_msgs/msg/detail/audio__functions.h
[3.687s] -- Installing: /home/eamrgde/Documents/gitrepos/ros_scream_int/scream/gstscream/ros2_bridge/src/install/audio_msgs/include/audio_msgs/audio_msgs/msg/detail/audio__type_support.h
[3.687s] -- Installing: /home/eamrgde/Documents/gitrepos/ros_scream_int/scream/gstscream/ros2_bridge/src/install/audio_msgs/share/audio_msgs/environment/library_path.sh
[3.687s] -- Installing: /home/eamrgde/Documents/gitrepos/ros_scream_int/scream/gstscream/ros2_bridge/src/install/audio_msgs/share/audio_msgs/environment/library_path.dsv
[3.687s] -- Installing: /home/eamrgde/Documents/gitrepos/ros_scream_int/scream/gstscream/ros2_bridge/src/install/audio_msgs/lib/libaudio_msgs__rosidl_generator_c.so
[3.688s] -- Set runtime path of "/home/eamrgde/Documents/gitrepos/ros_scream_int/scream/gstscream/ros2_bridge/src/install/audio_msgs/lib/libaudio_msgs__rosidl_generator_c.so" to ""
[3.688s] -- Up-to-date: /home/eamrgde/Documents/gitrepos/ros_scream_int/scream/gstscream/ros2_bridge/src/install/audio_msgs/include/audio_msgs/audio_msgs
[3.688s] -- Up-to-date: /home/eamrgde/Documents/gitrepos/ros_scream_int/scream/gstscream/ros2_bridge/src/install/audio_msgs/include/audio_msgs/audio_msgs/msg
[3.688s] -- Installing: /home/eamrgde/Documents/gitrepos/ros_scream_int/scream/gstscream/ros2_bridge/src/install/audio_msgs/include/audio_msgs/audio_msgs/msg/rosidl_typesupport_fastrtps_c__visibility_control.h
[3.688s] -- Up-to-date: /home/eamrgde/Documents/gitrepos/ros_scream_int/scream/gstscream/ros2_bridge/src/install/audio_msgs/include/audio_msgs/audio_msgs/msg/detail
[3.688s] -- Installing: /home/eamrgde/Documents/gitrepos/ros_scream_int/scream/gstscream/ros2_bridge/src/install/audio_msgs/include/audio_msgs/audio_msgs/msg/detail/audio__rosidl_typesupport_fastrtps_c.h
[3.688s] -- Installing: /home/eamrgde/Documents/gitrepos/ros_scream_int/scream/gstscream/ros2_bridge/src/install/audio_msgs/lib/libaudio_msgs__rosidl_typesupport_fastrtps_c.so
[3.689s] -- Set runtime path of "/home/eamrgde/Documents/gitrepos/ros_scream_int/scream/gstscream/ros2_bridge/src/install/audio_msgs/lib/libaudio_msgs__rosidl_typesupport_fastrtps_c.so" to ""
[3.689s] -- Up-to-date: /home/eamrgde/Documents/gitrepos/ros_scream_int/scream/gstscream/ros2_bridge/src/install/audio_msgs/include/audio_msgs/audio_msgs
[3.689s] -- Up-to-date: /home/eamrgde/Documents/gitrepos/ros_scream_int/scream/gstscream/ros2_bridge/src/install/audio_msgs/include/audio_msgs/audio_msgs/msg
[3.689s] -- Installing: /home/eamrgde/Documents/gitrepos/ros_scream_int/scream/gstscream/ros2_bridge/src/install/audio_msgs/include/audio_msgs/audio_msgs/msg/rosidl_generator_cpp__visibility_control.hpp
[3.689s] -- Installing: /home/eamrgde/Documents/gitrepos/ros_scream_int/scream/gstscream/ros2_bridge/src/install/audio_msgs/include/audio_msgs/audio_msgs/msg/audio.hpp
[3.689s] -- Up-to-date: /home/eamrgde/Documents/gitrepos/ros_scream_int/scream/gstscream/ros2_bridge/src/install/audio_msgs/include/audio_msgs/audio_msgs/msg/detail
[3.689s] -- Installing: /home/eamrgde/Documents/gitrepos/ros_scream_int/scream/gstscream/ros2_bridge/src/install/audio_msgs/include/audio_msgs/audio_msgs/msg/detail/audio__traits.hpp
[3.689s] -- Installing: /home/eamrgde/Documents/gitrepos/ros_scream_int/scream/gstscream/ros2_bridge/src/install/audio_msgs/include/audio_msgs/audio_msgs/msg/detail/audio__builder.hpp
[3.690s] -- Installing: /home/eamrgde/Documents/gitrepos/ros_scream_int/scream/gstscream/ros2_bridge/src/install/audio_msgs/include/audio_msgs/audio_msgs/msg/detail/audio__type_support.hpp
[3.690s] -- Installing: /home/eamrgde/Documents/gitrepos/ros_scream_int/scream/gstscream/ros2_bridge/src/install/audio_msgs/include/audio_msgs/audio_msgs/msg/detail/audio__struct.hpp
[3.690s] -- Up-to-date: /home/eamrgde/Documents/gitrepos/ros_scream_int/scream/gstscream/ros2_bridge/src/install/audio_msgs/include/audio_msgs/audio_msgs
[3.690s] -- Up-to-date: /home/eamrgde/Documents/gitrepos/ros_scream_int/scream/gstscream/ros2_bridge/src/install/audio_msgs/include/audio_msgs/audio_msgs/msg
[3.690s] -- Installing: /home/eamrgde/Documents/gitrepos/ros_scream_int/scream/gstscream/ros2_bridge/src/install/audio_msgs/include/audio_msgs/audio_msgs/msg/rosidl_typesupport_fastrtps_cpp__visibility_control.h
[3.690s] -- Up-to-date: /home/eamrgde/Documents/gitrepos/ros_scream_int/scream/gstscream/ros2_bridge/src/install/audio_msgs/include/audio_msgs/audio_msgs/msg/detail
[3.690s] -- Installing: /home/eamrgde/Documents/gitrepos/ros_scream_int/scream/gstscream/ros2_bridge/src/install/audio_msgs/include/audio_msgs/audio_msgs/msg/detail/dds_fastrtps
[3.690s] -- Installing: /home/eamrgde/Documents/gitrepos/ros_scream_int/scream/gstscream/ros2_bridge/src/install/audio_msgs/include/audio_msgs/audio_msgs/msg/detail/audio__rosidl_typesupport_fastrtps_cpp.hpp
[3.691s] -- Installing: /home/eamrgde/Documents/gitrepos/ros_scream_int/scream/gstscream/ros2_bridge/src/install/audio_msgs/lib/libaudio_msgs__rosidl_typesupport_fastrtps_cpp.so
[3.691s] -- Set runtime path of "/home/eamrgde/Documents/gitrepos/ros_scream_int/scream/gstscream/ros2_bridge/src/install/audio_msgs/lib/libaudio_msgs__rosidl_typesupport_fastrtps_cpp.so" to ""
[3.691s] -- Up-to-date: /home/eamrgde/Documents/gitrepos/ros_scream_int/scream/gstscream/ros2_bridge/src/install/audio_msgs/include/audio_msgs/audio_msgs
[3.691s] -- Up-to-date: /home/eamrgde/Documents/gitrepos/ros_scream_int/scream/gstscream/ros2_bridge/src/install/audio_msgs/include/audio_msgs/audio_msgs/msg
[3.691s] -- Installing: /home/eamrgde/Documents/gitrepos/ros_scream_int/scream/gstscream/ros2_bridge/src/install/audio_msgs/include/audio_msgs/audio_msgs/msg/rosidl_typesupport_introspection_c__visibility_control.h
[3.691s] -- Up-to-date: /home/eamrgde/Documents/gitrepos/ros_scream_int/scream/gstscream/ros2_bridge/src/install/audio_msgs/include/audio_msgs/audio_msgs/msg/detail
[3.691s] -- Installing: /home/eamrgde/Documents/gitrepos/ros_scream_int/scream/gstscream/ros2_bridge/src/install/audio_msgs/include/audio_msgs/audio_msgs/msg/detail/audio__rosidl_typesupport_introspection_c.h
[3.692s] -- Installing: /home/eamrgde/Documents/gitrepos/ros_scream_int/scream/gstscream/ros2_bridge/src/install/audio_msgs/include/audio_msgs/audio_msgs/msg/detail/audio__type_support.c
[3.692s] -- Installing: /home/eamrgde/Documents/gitrepos/ros_scream_int/scream/gstscream/ros2_bridge/src/install/audio_msgs/lib/libaudio_msgs__rosidl_typesupport_introspection_c.so
[3.692s] -- Set runtime path of "/home/eamrgde/Documents/gitrepos/ros_scream_int/scream/gstscream/ros2_bridge/src/install/audio_msgs/lib/libaudio_msgs__rosidl_typesupport_introspection_c.so" to ""
[3.692s] -- Installing: /home/eamrgde/Documents/gitrepos/ros_scream_int/scream/gstscream/ros2_bridge/src/install/audio_msgs/lib/libaudio_msgs__rosidl_typesupport_c.so
[3.692s] -- Set runtime path of "/home/eamrgde/Documents/gitrepos/ros_scream_int/scream/gstscream/ros2_bridge/src/install/audio_msgs/lib/libaudio_msgs__rosidl_typesupport_c.so" to ""
[3.692s] -- Up-to-date: /home/eamrgde/Documents/gitrepos/ros_scream_int/scream/gstscream/ros2_bridge/src/install/audio_msgs/include/audio_msgs/audio_msgs
[3.693s] -- Up-to-date: /home/eamrgde/Documents/gitrepos/ros_scream_int/scream/gstscream/ros2_bridge/src/install/audio_msgs/include/audio_msgs/audio_msgs/msg
[3.693s] -- Up-to-date: /home/eamrgde/Documents/gitrepos/ros_scream_int/scream/gstscream/ros2_bridge/src/install/audio_msgs/include/audio_msgs/audio_msgs/msg/detail
[3.693s] -- Installing: /home/eamrgde/Documents/gitrepos/ros_scream_int/scream/gstscream/ros2_bridge/src/install/audio_msgs/include/audio_msgs/audio_msgs/msg/detail/audio__rosidl_typesupport_introspection_cpp.hpp
[3.693s] -- Installing: /home/eamrgde/Documents/gitrepos/ros_scream_int/scream/gstscream/ros2_bridge/src/install/audio_msgs/include/audio_msgs/audio_msgs/msg/detail/audio__type_support.cpp
[3.693s] -- Installing: /home/eamrgde/Documents/gitrepos/ros_scream_int/scream/gstscream/ros2_bridge/src/install/audio_msgs/lib/libaudio_msgs__rosidl_typesupport_introspection_cpp.so
[3.693s] -- Set runtime path of "/home/eamrgde/Documents/gitrepos/ros_scream_int/scream/gstscream/ros2_bridge/src/install/audio_msgs/lib/libaudio_msgs__rosidl_typesupport_introspection_cpp.so" to ""
[3.693s] -- Installing: /home/eamrgde/Documents/gitrepos/ros_scream_int/scream/gstscream/ros2_bridge/src/install/audio_msgs/lib/libaudio_msgs__rosidl_typesupport_cpp.so
[3.694s] -- Set runtime path of "/home/eamrgde/Documents/gitrepos/ros_scream_int/scream/gstscream/ros2_bridge/src/install/audio_msgs/lib/libaudio_msgs__rosidl_typesupport_cpp.so" to ""
[3.694s] -- Installing: /home/eamrgde/Documents/gitrepos/ros_scream_int/scream/gstscream/ros2_bridge/src/install/audio_msgs/share/audio_msgs/environment/pythonpath.sh
[3.694s] -- Installing: /home/eamrgde/Documents/gitrepos/ros_scream_int/scream/gstscream/ros2_bridge/src/install/audio_msgs/share/audio_msgs/environment/pythonpath.dsv
[3.694s] -- Installing: /home/eamrgde/Documents/gitrepos/ros_scream_int/scream/gstscream/ros2_bridge/src/install/audio_msgs/local/lib/python3.10/dist-packages/audio_msgs-0.0.0-py3.10.egg-info
[3.694s] -- Installing: /home/eamrgde/Documents/gitrepos/ros_scream_int/scream/gstscream/ros2_bridge/src/install/audio_msgs/local/lib/python3.10/dist-packages/audio_msgs-0.0.0-py3.10.egg-info/PKG-INFO
[3.694s] -- Installing: /home/eamrgde/Documents/gitrepos/ros_scream_int/scream/gstscream/ros2_bridge/src/install/audio_msgs/local/lib/python3.10/dist-packages/audio_msgs-0.0.0-py3.10.egg-info/dependency_links.txt
[3.695s] -- Installing: /home/eamrgde/Documents/gitrepos/ros_scream_int/scream/gstscream/ros2_bridge/src/install/audio_msgs/local/lib/python3.10/dist-packages/audio_msgs-0.0.0-py3.10.egg-info/SOURCES.txt
[3.695s] -- Installing: /home/eamrgde/Documents/gitrepos/ros_scream_int/scream/gstscream/ros2_bridge/src/install/audio_msgs/local/lib/python3.10/dist-packages/audio_msgs-0.0.0-py3.10.egg-info/top_level.txt
[3.695s] -- Installing: /home/eamrgde/Documents/gitrepos/ros_scream_int/scream/gstscream/ros2_bridge/src/install/audio_msgs/local/lib/python3.10/dist-packages/audio_msgs
[3.695s] -- Installing: /home/eamrgde/Documents/gitrepos/ros_scream_int/scream/gstscream/ros2_bridge/src/install/audio_msgs/local/lib/python3.10/dist-packages/audio_msgs/audio_msgs_s__rosidl_typesupport_c.cpython-310-x86_64-linux-gnu.so
[3.695s] -- Installing: /home/eamrgde/Documents/gitrepos/ros_scream_int/scream/gstscream/ros2_bridge/src/install/audio_msgs/local/lib/python3.10/dist-packages/audio_msgs/_audio_msgs_s.ep.rosidl_typesupport_introspection_c.c
[3.696s] -- Installing: /home/eamrgde/Documents/gitrepos/ros_scream_int/scream/gstscream/ros2_bridge/src/install/audio_msgs/local/lib/python3.10/dist-packages/audio_msgs/audio_msgs_s__rosidl_typesupport_fastrtps_c.cpython-310-x86_64-linux-gnu.so
[3.696s] -- Installing: /home/eamrgde/Documents/gitrepos/ros_scream_int/scream/gstscream/ros2_bridge/src/install/audio_msgs/local/lib/python3.10/dist-packages/audio_msgs/audio_msgs_s__rosidl_typesupport_introspection_c.cpython-310-x86_64-linux-gnu.so
[3.696s] -- Installing: /home/eamrgde/Documents/gitrepos/ros_scream_int/scream/gstscream/ros2_bridge/src/install/audio_msgs/local/lib/python3.10/dist-packages/audio_msgs/libaudio_msgs__rosidl_generator_py.so
[3.696s] -- Installing: /home/eamrgde/Documents/gitrepos/ros_scream_int/scream/gstscream/ros2_bridge/src/install/audio_msgs/local/lib/python3.10/dist-packages/audio_msgs/_audio_msgs_s.ep.rosidl_typesupport_c.c
[3.696s] -- Installing: /home/eamrgde/Documents/gitrepos/ros_scream_int/scream/gstscream/ros2_bridge/src/install/audio_msgs/local/lib/python3.10/dist-packages/audio_msgs/_audio_msgs_s.ep.rosidl_typesupport_fastrtps_c.c
[3.697s] -- Installing: /home/eamrgde/Documents/gitrepos/ros_scream_int/scream/gstscream/ros2_bridge/src/install/audio_msgs/local/lib/python3.10/dist-packages/audio_msgs/msg
[3.697s] -- Installing: /home/eamrgde/Documents/gitrepos/ros_scream_int/scream/gstscream/ros2_bridge/src/install/audio_msgs/local/lib/python3.10/dist-packages/audio_msgs/msg/__init__.py
[3.697s] -- Installing: /home/eamrgde/Documents/gitrepos/ros_scream_int/scream/gstscream/ros2_bridge/src/install/audio_msgs/local/lib/python3.10/dist-packages/audio_msgs/msg/_audio_s.c
[3.697s] -- Installing: /home/eamrgde/Documents/gitrepos/ros_scream_int/scream/gstscream/ros2_bridge/src/install/audio_msgs/local/lib/python3.10/dist-packages/audio_msgs/msg/_audio.py
[3.697s] -- Installing: /home/eamrgde/Documents/gitrepos/ros_scream_int/scream/gstscream/ros2_bridge/src/install/audio_msgs/local/lib/python3.10/dist-packages/audio_msgs/__init__.py
[3.724s] Listing '/home/eamrgde/Documents/gitrepos/ros_scream_int/scream/gstscream/ros2_bridge/src/install/audio_msgs/local/lib/python3.10/dist-packages/audio_msgs'...
[3.724s] Compiling '/home/eamrgde/Documents/gitrepos/ros_scream_int/scream/gstscream/ros2_bridge/src/install/audio_msgs/local/lib/python3.10/dist-packages/audio_msgs/__init__.py'...
[3.724s] Listing '/home/eamrgde/Documents/gitrepos/ros_scream_int/scream/gstscream/ros2_bridge/src/install/audio_msgs/local/lib/python3.10/dist-packages/audio_msgs/msg'...
[3.724s] Compiling '/home/eamrgde/Documents/gitrepos/ros_scream_int/scream/gstscream/ros2_bridge/src/install/audio_msgs/local/lib/python3.10/dist-packages/audio_msgs/msg/__init__.py'...
[3.724s] Compiling '/home/eamrgde/Documents/gitrepos/ros_scream_int/scream/gstscream/ros2_bridge/src/install/audio_msgs/local/lib/python3.10/dist-packages/audio_msgs/msg/_audio.py'...
[3.728s] -- Installing: /home/eamrgde/Documents/gitrepos/ros_scream_int/scream/gstscream/ros2_bridge/src/install/audio_msgs/local/lib/python3.10/dist-packages/audio_msgs/audio_msgs_s__rosidl_typesupport_fastrtps_c.cpython-310-x86_64-linux-gnu.so
[3.728s] -- Set runtime path of "/home/eamrgde/Documents/gitrepos/ros_scream_int/scream/gstscream/ros2_bridge/src/install/audio_msgs/local/lib/python3.10/dist-packages/audio_msgs/audio_msgs_s__rosidl_typesupport_fastrtps_c.cpython-310-x86_64-linux-gnu.so" to ""
[3.729s] -- Installing: /home/eamrgde/Documents/gitrepos/ros_scream_int/scream/gstscream/ros2_bridge/src/install/audio_msgs/local/lib/python3.10/dist-packages/audio_msgs/audio_msgs_s__rosidl_typesupport_introspection_c.cpython-310-x86_64-linux-gnu.so
[3.729s] -- Set runtime path of "/home/eamrgde/Documents/gitrepos/ros_scream_int/scream/gstscream/ros2_bridge/src/install/audio_msgs/local/lib/python3.10/dist-packages/audio_msgs/audio_msgs_s__rosidl_typesupport_introspection_c.cpython-310-x86_64-linux-gnu.so" to ""
[3.729s] -- Installing: /home/eamrgde/Documents/gitrepos/ros_scream_int/scream/gstscream/ros2_bridge/src/install/audio_msgs/local/lib/python3.10/dist-packages/audio_msgs/audio_msgs_s__rosidl_typesupport_c.cpython-310-x86_64-linux-gnu.so
[3.729s] -- Set runtime path of "/home/eamrgde/Documents/gitrepos/ros_scream_int/scream/gstscream/ros2_bridge/src/install/audio_msgs/local/lib/python3.10/dist-packages/audio_msgs/audio_msgs_s__rosidl_typesupport_c.cpython-310-x86_64-linux-gnu.so" to ""
[3.729s] -- Installing: /home/eamrgde/Documents/gitrepos/ros_scream_int/scream/gstscream/ros2_bridge/src/install/audio_msgs/lib/libaudio_msgs__rosidl_generator_py.so
[3.730s] -- Set runtime path of "/home/eamrgde/Documents/gitrepos/ros_scream_int/scream/gstscream/ros2_bridge/src/install/audio_msgs/lib/libaudio_msgs__rosidl_generator_py.so" to ""
[3.730s] -- Installing: /home/eamrgde/Documents/gitrepos/ros_scream_int/scream/gstscream/ros2_bridge/src/install/audio_msgs/share/audio_msgs/msg/Audio.idl
[3.730s] -- Installing: /home/eamrgde/Documents/gitrepos/ros_scream_int/scream/gstscream/ros2_bridge/src/install/audio_msgs/share/audio_msgs/msg/Audio.msg
[3.730s] -- Installing: /home/eamrgde/Documents/gitrepos/ros_scream_int/scream/gstscream/ros2_bridge/src/install/audio_msgs/share/ament_index/resource_index/package_run_dependencies/audio_msgs
[3.730s] -- Installing: /home/eamrgde/Documents/gitrepos/ros_scream_int/scream/gstscream/ros2_bridge/src/install/audio_msgs/share/ament_index/resource_index/parent_prefix_path/audio_msgs
[3.731s] -- Installing: /home/eamrgde/Documents/gitrepos/ros_scream_int/scream/gstscream/ros2_bridge/src/install/audio_msgs/share/audio_msgs/environment/ament_prefix_path.sh
[3.731s] -- Installing: /home/eamrgde/Documents/gitrepos/ros_scream_int/scream/gstscream/ros2_bridge/src/install/audio_msgs/share/audio_msgs/environment/ament_prefix_path.dsv
[3.731s] -- Installing: /home/eamrgde/Documents/gitrepos/ros_scream_int/scream/gstscream/ros2_bridge/src/install/audio_msgs/share/audio_msgs/environment/path.sh
[3.731s] -- Installing: /home/eamrgde/Documents/gitrepos/ros_scream_int/scream/gstscream/ros2_bridge/src/install/audio_msgs/share/audio_msgs/environment/path.dsv
[3.731s] -- Installing: /home/eamrgde/Documents/gitrepos/ros_scream_int/scream/gstscream/ros2_bridge/src/install/audio_msgs/share/audio_msgs/local_setup.bash
[3.732s] -- Installing: /home/eamrgde/Documents/gitrepos/ros_scream_int/scream/gstscream/ros2_bridge/src/install/audio_msgs/share/audio_msgs/local_setup.sh
[3.732s] -- Installing: /home/eamrgde/Documents/gitrepos/ros_scream_int/scream/gstscream/ros2_bridge/src/install/audio_msgs/share/audio_msgs/local_setup.zsh
[3.732s] -- Installing: /home/eamrgde/Documents/gitrepos/ros_scream_int/scream/gstscream/ros2_bridge/src/install/audio_msgs/share/audio_msgs/local_setup.dsv
[3.732s] -- Installing: /home/eamrgde/Documents/gitrepos/ros_scream_int/scream/gstscream/ros2_bridge/src/install/audio_msgs/share/audio_msgs/package.dsv
[3.732s] -- Installing: /home/eamrgde/Documents/gitrepos/ros_scream_int/scream/gstscream/ros2_bridge/src/install/audio_msgs/share/ament_index/resource_index/packages/audio_msgs
[3.733s] -- Installing: /home/eamrgde/Documents/gitrepos/ros_scream_int/scream/gstscream/ros2_bridge/src/install/audio_msgs/share/audio_msgs/cmake/export_audio_msgs__rosidl_generator_cExport.cmake
[3.733s] -- Installing: /home/eamrgde/Documents/gitrepos/ros_scream_int/scream/gstscream/ros2_bridge/src/install/audio_msgs/share/audio_msgs/cmake/export_audio_msgs__rosidl_generator_cExport-noconfig.cmake
[3.733s] -- Installing: /home/eamrgde/Documents/gitrepos/ros_scream_int/scream/gstscream/ros2_bridge/src/install/audio_msgs/share/audio_msgs/cmake/export_audio_msgs__rosidl_typesupport_fastrtps_cExport.cmake
[3.733s] -- Installing: /home/eamrgde/Documents/gitrepos/ros_scream_int/scream/gstscream/ros2_bridge/src/install/audio_msgs/share/audio_msgs/cmake/export_audio_msgs__rosidl_typesupport_fastrtps_cExport-noconfig.cmake
[3.733s] -- Installing: /home/eamrgde/Documents/gitrepos/ros_scream_int/scream/gstscream/ros2_bridge/src/install/audio_msgs/share/audio_msgs/cmake/export_audio_msgs__rosidl_generator_cppExport.cmake
[3.734s] -- Installing: /home/eamrgde/Documents/gitrepos/ros_scream_int/scream/gstscream/ros2_bridge/src/install/audio_msgs/share/audio_msgs/cmake/export_audio_msgs__rosidl_typesupport_fastrtps_cppExport.cmake
[3.734s] -- Installing: /home/eamrgde/Documents/gitrepos/ros_scream_int/scream/gstscream/ros2_bridge/src/install/audio_msgs/share/audio_msgs/cmake/export_audio_msgs__rosidl_typesupport_fastrtps_cppExport-noconfig.cmake
[3.734s] -- Installing: /home/eamrgde/Documents/gitrepos/ros_scream_int/scream/gstscream/ros2_bridge/src/install/audio_msgs/share/audio_msgs/cmake/audio_msgs__rosidl_typesupport_introspection_cExport.cmake
[3.734s] -- Installing: /home/eamrgde/Documents/gitrepos/ros_scream_int/scream/gstscream/ros2_bridge/src/install/audio_msgs/share/audio_msgs/cmake/audio_msgs__rosidl_typesupport_introspection_cExport-noconfig.cmake
[3.734s] -- Installing: /home/eamrgde/Documents/gitrepos/ros_scream_int/scream/gstscream/ros2_bridge/src/install/audio_msgs/share/audio_msgs/cmake/audio_msgs__rosidl_typesupport_cExport.cmake
[3.735s] -- Installing: /home/eamrgde/Documents/gitrepos/ros_scream_int/scream/gstscream/ros2_bridge/src/install/audio_msgs/share/audio_msgs/cmake/audio_msgs__rosidl_typesupport_cExport-noconfig.cmake
[3.735s] -- Installing: /home/eamrgde/Documents/gitrepos/ros_scream_int/scream/gstscream/ros2_bridge/src/install/audio_msgs/share/audio_msgs/cmake/audio_msgs__rosidl_typesupport_introspection_cppExport.cmake
[3.735s] -- Installing: /home/eamrgde/Documents/gitrepos/ros_scream_int/scream/gstscream/ros2_bridge/src/install/audio_msgs/share/audio_msgs/cmake/audio_msgs__rosidl_typesupport_introspection_cppExport-noconfig.cmake
[3.735s] -- Installing: /home/eamrgde/Documents/gitrepos/ros_scream_int/scream/gstscream/ros2_bridge/src/install/audio_msgs/share/audio_msgs/cmake/audio_msgs__rosidl_typesupport_cppExport.cmake
[3.735s] -- Installing: /home/eamrgde/Documents/gitrepos/ros_scream_int/scream/gstscream/ros2_bridge/src/install/audio_msgs/share/audio_msgs/cmake/audio_msgs__rosidl_typesupport_cppExport-noconfig.cmake
[3.736s] -- Installing: /home/eamrgde/Documents/gitrepos/ros_scream_int/scream/gstscream/ros2_bridge/src/install/audio_msgs/share/audio_msgs/cmake/export_audio_msgs__rosidl_generator_pyExport.cmake
[3.736s] -- Installing: /home/eamrgde/Documents/gitrepos/ros_scream_int/scream/gstscream/ros2_bridge/src/install/audio_msgs/share/audio_msgs/cmake/export_audio_msgs__rosidl_generator_pyExport-noconfig.cmake
[3.736s] -- Installing: /home/eamrgde/Documents/gitrepos/ros_scream_int/scream/gstscream/ros2_bridge/src/install/audio_msgs/share/audio_msgs/cmake/rosidl_cmake-extras.cmake
[3.736s] -- Installing: /home/eamrgde/Documents/gitrepos/ros_scream_int/scream/gstscream/ros2_bridge/src/install/audio_msgs/share/audio_msgs/cmake/ament_cmake_export_dependencies-extras.cmake
[3.736s] -- Installing: /home/eamrgde/Documents/gitrepos/ros_scream_int/scream/gstscream/ros2_bridge/src/install/audio_msgs/share/audio_msgs/cmake/ament_cmake_export_include_directories-extras.cmake
[3.737s] -- Installing: /home/eamrgde/Documents/gitrepos/ros_scream_int/scream/gstscream/ros2_bridge/src/install/audio_msgs/share/audio_msgs/cmake/ament_cmake_export_libraries-extras.cmake
[3.737s] -- Installing: /home/eamrgde/Documents/gitrepos/ros_scream_int/scream/gstscream/ros2_bridge/src/install/audio_msgs/share/audio_msgs/cmake/ament_cmake_export_targets-extras.cmake
[3.737s] -- Installing: /home/eamrgde/Documents/gitrepos/ros_scream_int/scream/gstscream/ros2_bridge/src/install/audio_msgs/share/audio_msgs/cmake/rosidl_cmake_export_typesupport_targets-extras.cmake
[3.737s] -- Installing: /home/eamrgde/Documents/gitrepos/ros_scream_int/scream/gstscream/ros2_bridge/src/install/audio_msgs/share/audio_msgs/cmake/rosidl_cmake_export_typesupport_libraries-extras.cmake
[3.737s] -- Installing: /home/eamrgde/Documents/gitrepos/ros_scream_int/scream/gstscream/ros2_bridge/src/install/audio_msgs/share/audio_msgs/cmake/audio_msgsConfig.cmake
[3.738s] -- Installing: /home/eamrgde/Documents/gitrepos/ros_scream_int/scream/gstscream/ros2_bridge/src/install/audio_msgs/share/audio_msgs/cmake/audio_msgsConfig-version.cmake
[3.738s] -- Installing: /home/eamrgde/Documents/gitrepos/ros_scream_int/scream/gstscream/ros2_bridge/src/install/audio_msgs/share/audio_msgs/package.xml
[3.740s] Invoked command in '/home/eamrgde/Documents/gitrepos/ros_scream_int/scream/gstscream/ros2_bridge/src/build/audio_msgs' returned '0': CMAKE_PREFIX_PATH=/opt/ros/humble /usr/bin/cmake --install /home/eamrgde/Documents/gitrepos/ros_scream_int/scream/gstscream/ros2_bridge/src/build/audio_msgs
