/home/eamrgde/Documents/gitrepos/ros_scream_int/scream/gstscream/ros2_bridge/src/install/gst_pipeline/lib/python3.10/site-packages/gst_pipeline/webrtc_sigchan.py
/home/eamrgde/Documents/gitrepos/ros_scream_int/scream/gstscream/ros2_bridge/src/install/gst_pipeline/lib/python3.10/site-packages/gst_pipeline/pipeline_node.py
/home/eamrgde/Documents/gitrepos/ros_scream_int/scream/gstscream/ros2_bridge/src/install/gst_pipeline/lib/python3.10/site-packages/gst_pipeline/pipeline.py
/home/eamrgde/Documents/gitrepos/ros_scream_int/scream/gstscream/ros2_bridge/src/install/gst_pipeline/lib/python3.10/site-packages/gst_pipeline/simplebin.py
/home/eamrgde/Documents/gitrepos/ros_scream_int/scream/gstscream/ros2_bridge/src/install/gst_pipeline/lib/python3.10/site-packages/gst_pipeline/webrtc_pipes.py
/home/eamrgde/Documents/gitrepos/ros_scream_int/scream/gstscream/ros2_bridge/src/install/gst_pipeline/lib/python3.10/site-packages/gst_pipeline/webrtc_transport_ws.py
/home/eamrgde/Documents/gitrepos/ros_scream_int/scream/gstscream/ros2_bridge/src/install/gst_pipeline/lib/python3.10/site-packages/gst_pipeline/__init__.py
/home/eamrgde/Documents/gitrepos/ros_scream_int/scream/gstscream/ros2_bridge/src/install/gst_pipeline/lib/python3.10/site-packages/gst_pipeline/__pycache__/webrtc_sigchan.cpython-310.pyc
/home/eamrgde/Documents/gitrepos/ros_scream_int/scream/gstscream/ros2_bridge/src/install/gst_pipeline/lib/python3.10/site-packages/gst_pipeline/__pycache__/pipeline_node.cpython-310.pyc
/home/eamrgde/Documents/gitrepos/ros_scream_int/scream/gstscream/ros2_bridge/src/install/gst_pipeline/lib/python3.10/site-packages/gst_pipeline/__pycache__/pipeline.cpython-310.pyc
/home/eamrgde/Documents/gitrepos/ros_scream_int/scream/gstscream/ros2_bridge/src/install/gst_pipeline/lib/python3.10/site-packages/gst_pipeline/__pycache__/simplebin.cpython-310.pyc
/home/eamrgde/Documents/gitrepos/ros_scream_int/scream/gstscream/ros2_bridge/src/install/gst_pipeline/lib/python3.10/site-packages/gst_pipeline/__pycache__/webrtc_pipes.cpython-310.pyc
/home/eamrgde/Documents/gitrepos/ros_scream_int/scream/gstscream/ros2_bridge/src/install/gst_pipeline/lib/python3.10/site-packages/gst_pipeline/__pycache__/webrtc_transport_ws.cpython-310.pyc
/home/eamrgde/Documents/gitrepos/ros_scream_int/scream/gstscream/ros2_bridge/src/install/gst_pipeline/lib/python3.10/site-packages/gst_pipeline/__pycache__/__init__.cpython-310.pyc
/home/eamrgde/Documents/gitrepos/ros_scream_int/scream/gstscream/ros2_bridge/src/install/gst_pipeline/share/ament_index/resource_index/packages/gst_pipeline
/home/eamrgde/Documents/gitrepos/ros_scream_int/scream/gstscream/ros2_bridge/src/install/gst_pipeline/share/gst_pipeline/package.xml
/home/eamrgde/Documents/gitrepos/ros_scream_int/scream/gstscream/ros2_bridge/src/install/gst_pipeline/share/gst_pipeline
/home/eamrgde/Documents/gitrepos/ros_scream_int/scream/gstscream/ros2_bridge/src/install/gst_pipeline/share/gst_pipeline/config
/home/eamrgde/Documents/gitrepos/ros_scream_int/scream/gstscream/ros2_bridge/src/install/gst_pipeline/lib/python3.10/site-packages/gst_pipeline-0.0.0-py3.10.egg-info/PKG-INFO
/home/eamrgde/Documents/gitrepos/ros_scream_int/scream/gstscream/ros2_bridge/src/install/gst_pipeline/lib/python3.10/site-packages/gst_pipeline-0.0.0-py3.10.egg-info/requires.txt
/home/eamrgde/Documents/gitrepos/ros_scream_int/scream/gstscream/ros2_bridge/src/install/gst_pipeline/lib/python3.10/site-packages/gst_pipeline-0.0.0-py3.10.egg-info/dependency_links.txt
/home/eamrgde/Documents/gitrepos/ros_scream_int/scream/gstscream/ros2_bridge/src/install/gst_pipeline/lib/python3.10/site-packages/gst_pipeline-0.0.0-py3.10.egg-info/zip-safe
/home/eamrgde/Documents/gitrepos/ros_scream_int/scream/gstscream/ros2_bridge/src/install/gst_pipeline/lib/python3.10/site-packages/gst_pipeline-0.0.0-py3.10.egg-info/SOURCES.txt
/home/eamrgde/Documents/gitrepos/ros_scream_int/scream/gstscream/ros2_bridge/src/install/gst_pipeline/lib/python3.10/site-packages/gst_pipeline-0.0.0-py3.10.egg-info/top_level.txt
/home/eamrgde/Documents/gitrepos/ros_scream_int/scream/gstscream/ros2_bridge/src/install/gst_pipeline/lib/python3.10/site-packages/gst_pipeline-0.0.0-py3.10.egg-info/entry_points.txt
/home/eamrgde/Documents/gitrepos/ros_scream_int/scream/gstscream/ros2_bridge/src/install/gst_pipeline/lib/gst_pipeline/pipeline_node
