[0.023s] Invoking command in '/home/makis-wsl/githubs/simple_scream_ros_integration/scream/gstscream/ros2_ws/build/ros2_scream': CMAKE_PREFIX_PATH=${CMAKE_PREFIX_PATH}:/opt/ros/humble /usr/bin/cmake --build /home/makis-wsl/githubs/simple_scream_ros_integration/scream/gstscream/ros2_ws/build/ros2_scream -- -j8 -l8
[0.138s] Invoked command in '/home/makis-wsl/githubs/simple_scream_ros_integration/scream/gstscream/ros2_ws/build/ros2_scream' returned '0': CMAKE_PREFIX_PATH=${CMAKE_PREFIX_PATH}:/opt/ros/humble /usr/bin/cmake --build /home/makis-wsl/githubs/simple_scream_ros_integration/scream/gstscream/ros2_ws/build/ros2_scream -- -j8 -l8
[0.171s] Invoking command in '/home/makis-wsl/githubs/simple_scream_ros_integration/scream/gstscream/ros2_ws/build/ros2_scream': CMAKE_PREFIX_PATH=${CMAKE_PREFIX_PATH}:/opt/ros/humble /usr/bin/cmake --install /home/makis-wsl/githubs/simple_scream_ros_integration/scream/gstscream/ros2_ws/build/ros2_scream
[0.179s] -- Install configuration: ""
[0.180s] -- Installing: /home/makis-wsl/githubs/simple_scream_ros_integration/scream/gstscream/ros2_ws/install/ros2_scream/lib/ros2_scream/fake_video.py
[0.180s] -- Installing: /home/makis-wsl/githubs/simple_scream_ros_integration/scream/gstscream/ros2_ws/install/ros2_scream/lib/ros2_scream/simple_ros.py
[0.180s] -- Up-to-date: /home/makis-wsl/githubs/simple_scream_ros_integration/scream/gstscream/ros2_ws/install/ros2_scream/share/ament_index/resource_index/package_run_dependencies/ros2_scream
[0.181s] -- Up-to-date: /home/makis-wsl/githubs/simple_scream_ros_integration/scream/gstscream/ros2_ws/install/ros2_scream/share/ament_index/resource_index/parent_prefix_path/ros2_scream
[0.181s] -- Up-to-date: /home/makis-wsl/githubs/simple_scream_ros_integration/scream/gstscream/ros2_ws/install/ros2_scream/share/ros2_scream/environment/ament_prefix_path.sh
[0.181s] -- Up-to-date: /home/makis-wsl/githubs/simple_scream_ros_integration/scream/gstscream/ros2_ws/install/ros2_scream/share/ros2_scream/environment/ament_prefix_path.dsv
[0.181s] -- Up-to-date: /home/makis-wsl/githubs/simple_scream_ros_integration/scream/gstscream/ros2_ws/install/ros2_scream/share/ros2_scream/environment/path.sh
[0.181s] -- Up-to-date: /home/makis-wsl/githubs/simple_scream_ros_integration/scream/gstscream/ros2_ws/install/ros2_scream/share/ros2_scream/environment/path.dsv
[0.181s] -- Up-to-date: /home/makis-wsl/githubs/simple_scream_ros_integration/scream/gstscream/ros2_ws/install/ros2_scream/share/ros2_scream/local_setup.bash
[0.181s] -- Up-to-date: /home/makis-wsl/githubs/simple_scream_ros_integration/scream/gstscream/ros2_ws/install/ros2_scream/share/ros2_scream/local_setup.sh
[0.181s] -- Up-to-date: /home/makis-wsl/githubs/simple_scream_ros_integration/scream/gstscream/ros2_ws/install/ros2_scream/share/ros2_scream/local_setup.zsh
[0.181s] -- Up-to-date: /home/makis-wsl/githubs/simple_scream_ros_integration/scream/gstscream/ros2_ws/install/ros2_scream/share/ros2_scream/local_setup.dsv
[0.181s] -- Up-to-date: /home/makis-wsl/githubs/simple_scream_ros_integration/scream/gstscream/ros2_ws/install/ros2_scream/share/ros2_scream/package.dsv
[0.181s] -- Up-to-date: /home/makis-wsl/githubs/simple_scream_ros_integration/scream/gstscream/ros2_ws/install/ros2_scream/share/ament_index/resource_index/packages/ros2_scream
[0.181s] -- Up-to-date: /home/makis-wsl/githubs/simple_scream_ros_integration/scream/gstscream/ros2_ws/install/ros2_scream/share/ros2_scream/cmake/ros2_screamConfig.cmake
[0.182s] -- Up-to-date: /home/makis-wsl/githubs/simple_scream_ros_integration/scream/gstscream/ros2_ws/install/ros2_scream/share/ros2_scream/cmake/ros2_screamConfig-version.cmake
[0.182s] -- Up-to-date: /home/makis-wsl/githubs/simple_scream_ros_integration/scream/gstscream/ros2_ws/install/ros2_scream/share/ros2_scream/package.xml
[0.183s] Invoked command in '/home/makis-wsl/githubs/simple_scream_ros_integration/scream/gstscream/ros2_ws/build/ros2_scream' returned '0': CMAKE_PREFIX_PATH=${CMAKE_PREFIX_PATH}:/opt/ros/humble /usr/bin/cmake --install /home/makis-wsl/githubs/simple_scream_ros_integration/scream/gstscream/ros2_ws/build/ros2_scream
