[0.012s] Invoking command in '/home/makis-wsl/githubs/simple_scream_ros_integration/scream/gstscream/ros2_ws/build/ros2_scream': CMAKE_PREFIX_PATH=${CMAKE_PREFIX_PATH}:/opt/ros/humble /usr/bin/cmake --build /home/makis-wsl/githubs/simple_scream_ros_integration/scream/gstscream/ros2_ws/build/ros2_scream -- -j8 -l8
[0.041s] -- Found ament_cmake: 1.3.10 (/opt/ros/humble/share/ament_cmake/cmake)
[0.212s] -- Found rclpy: 3.3.14 (/opt/ros/humble/share/rclpy/cmake)
[0.213s] -- Found sensor_msgs: 4.2.4 (/opt/ros/humble/share/sensor_msgs/cmake)
[0.328s] -- Found rosidl_generator_c: 3.1.5 (/opt/ros/humble/share/rosidl_generator_c/cmake)
[0.333s] -- Found rosidl_adapter: 3.1.5 (/opt/ros/humble/share/rosidl_adapter/cmake)
[0.348s] -- Found rosidl_generator_cpp: 3.1.5 (/opt/ros/humble/share/rosidl_generator_cpp/cmake)
[0.370s] -- Using all available rosidl_typesupport_c: rosidl_typesupport_fastrtps_c;rosidl_typesupport_introspection_c
[0.394s] -- Using all available rosidl_typesupport_cpp: rosidl_typesupport_fastrtps_cpp;rosidl_typesupport_introspection_cpp
[0.481s] -- Found ament_lint_auto: 0.12.11 (/opt/ros/humble/share/ament_lint_auto/cmake)
[0.569s] -- Added test 'flake8' to check Python code syntax and style conventions
[0.569s] -- Added test 'lint_cmake' to check CMake code style
[0.570s] -- Added test 'pep257' to check Python code against some of the docstring style conventions in PEP 257
[0.572s] -- Added test 'xmllint' to check XML markup files
[0.574s] -- Configuring done
[0.581s] -- Generating done
[0.582s] -- Build files have been written to: /home/makis-wsl/githubs/simple_scream_ros_integration/scream/gstscream/ros2_ws/build/ros2_scream
[0.601s] Invoked command in '/home/makis-wsl/githubs/simple_scream_ros_integration/scream/gstscream/ros2_ws/build/ros2_scream' returned '0': CMAKE_PREFIX_PATH=${CMAKE_PREFIX_PATH}:/opt/ros/humble /usr/bin/cmake --build /home/makis-wsl/githubs/simple_scream_ros_integration/scream/gstscream/ros2_ws/build/ros2_scream -- -j8 -l8
[0.628s] Invoking command in '/home/makis-wsl/githubs/simple_scream_ros_integration/scream/gstscream/ros2_ws/build/ros2_scream': CMAKE_PREFIX_PATH=${CMAKE_PREFIX_PATH}:/opt/ros/humble /usr/bin/cmake --install /home/makis-wsl/githubs/simple_scream_ros_integration/scream/gstscream/ros2_ws/build/ros2_scream
[0.633s] -- Install configuration: ""
[0.633s] -- Up-to-date: /home/makis-wsl/githubs/simple_scream_ros_integration/scream/gstscream/ros2_ws/install/ros2_scream/lib/ros2_scream/fake_video.py
[0.633s] -- Up-to-date: /home/makis-wsl/githubs/simple_scream_ros_integration/scream/gstscream/ros2_ws/install/ros2_scream/lib/ros2_scream/simple_ros.py
[0.634s] -- Installing: /home/makis-wsl/githubs/simple_scream_ros_integration/scream/gstscream/ros2_ws/install/ros2_scream/share/ament_index/resource_index/package_run_dependencies/ros2_scream
[0.634s] -- Installing: /home/makis-wsl/githubs/simple_scream_ros_integration/scream/gstscream/ros2_ws/install/ros2_scream/share/ament_index/resource_index/parent_prefix_path/ros2_scream
[0.634s] -- Up-to-date: /home/makis-wsl/githubs/simple_scream_ros_integration/scream/gstscream/ros2_ws/install/ros2_scream/share/ros2_scream/environment/ament_prefix_path.sh
[0.634s] -- Installing: /home/makis-wsl/githubs/simple_scream_ros_integration/scream/gstscream/ros2_ws/install/ros2_scream/share/ros2_scream/environment/ament_prefix_path.dsv
[0.634s] -- Up-to-date: /home/makis-wsl/githubs/simple_scream_ros_integration/scream/gstscream/ros2_ws/install/ros2_scream/share/ros2_scream/environment/path.sh
[0.634s] -- Installing: /home/makis-wsl/githubs/simple_scream_ros_integration/scream/gstscream/ros2_ws/install/ros2_scream/share/ros2_scream/environment/path.dsv
[0.634s] -- Up-to-date: /home/makis-wsl/githubs/simple_scream_ros_integration/scream/gstscream/ros2_ws/install/ros2_scream/share/ros2_scream/local_setup.bash
[0.634s] -- Up-to-date: /home/makis-wsl/githubs/simple_scream_ros_integration/scream/gstscream/ros2_ws/install/ros2_scream/share/ros2_scream/local_setup.sh
[0.634s] -- Up-to-date: /home/makis-wsl/githubs/simple_scream_ros_integration/scream/gstscream/ros2_ws/install/ros2_scream/share/ros2_scream/local_setup.zsh
[0.635s] -- Installing: /home/makis-wsl/githubs/simple_scream_ros_integration/scream/gstscream/ros2_ws/install/ros2_scream/share/ros2_scream/local_setup.dsv
[0.635s] -- Installing: /home/makis-wsl/githubs/simple_scream_ros_integration/scream/gstscream/ros2_ws/install/ros2_scream/share/ros2_scream/package.dsv
[0.635s] -- Up-to-date: /home/makis-wsl/githubs/simple_scream_ros_integration/scream/gstscream/ros2_ws/install/ros2_scream/share/ament_index/resource_index/packages/ros2_scream
[0.635s] -- Up-to-date: /home/makis-wsl/githubs/simple_scream_ros_integration/scream/gstscream/ros2_ws/install/ros2_scream/share/ros2_scream/cmake/ros2_screamConfig.cmake
[0.635s] -- Up-to-date: /home/makis-wsl/githubs/simple_scream_ros_integration/scream/gstscream/ros2_ws/install/ros2_scream/share/ros2_scream/cmake/ros2_screamConfig-version.cmake
[0.635s] -- Installing: /home/makis-wsl/githubs/simple_scream_ros_integration/scream/gstscream/ros2_ws/install/ros2_scream/share/ros2_scream/package.xml
[0.637s] Invoked command in '/home/makis-wsl/githubs/simple_scream_ros_integration/scream/gstscream/ros2_ws/build/ros2_scream' returned '0': CMAKE_PREFIX_PATH=${CMAKE_PREFIX_PATH}:/opt/ros/humble /usr/bin/cmake --install /home/makis-wsl/githubs/simple_scream_ros_integration/scream/gstscream/ros2_ws/build/ros2_scream
